Archive member included because of file (symbol)

/root/Documents/test31jan/FINALPROJECT/lpc17xx.cmsis.driver.library/Debug/liblpc17xx.cmsis.driver.library.a(lpc17xx_gpio.o)
                              ./Source/FreeRTOS-Products/FreeRTOS-Plus-IO/Device/LPC17xx/FreeRTOS_lpc17xx_lcd.o (GPIO_SetDir)
/root/Documents/test31jan/FINALPROJECT/lpc17xx.cmsis.driver.library/Debug/liblpc17xx.cmsis.driver.library.a(lpc17xx_i2c.o)
                              ./Source/FreeRTOS-Products/FreeRTOS-Plus-IO/Device/LPC17xx/FreeRTOS_lpc17xx_i2c.o (I2C_Stop)
/root/Documents/test31jan/FINALPROJECT/lpc17xx.cmsis.driver.library/Debug/liblpc17xx.cmsis.driver.library.a(lpc17xx_libcfg_default.o)
                              /root/Documents/test31jan/FINALPROJECT/lpc17xx.cmsis.driver.library/Debug/liblpc17xx.cmsis.driver.library.a(lpc17xx_i2c.o) (check_failed)
/root/Documents/test31jan/FINALPROJECT/lpc17xx.cmsis.driver.library/Debug/liblpc17xx.cmsis.driver.library.a(lpc17xx_pinsel.o)
                              ./Source/FreeRTOS-Products/FreeRTOS-Plus-IO/Device/LPC17xx/FreeRTOS_lpc17xx_i2c.o (PINSEL_ConfigPin)
/root/Documents/test31jan/FINALPROJECT/lpc17xx.cmsis.driver.library/Debug/liblpc17xx.cmsis.driver.library.a(lpc17xx_uart.o)
                              ./Source/FreeRTOS-Products/FreeRTOS-Plus-IO/Device/LPC17xx/FreeRTOS_lpc17xx_uart.o (UART_Init)
/root/Documents/test31jan/FINALPROJECT/lpc17xx.cmsis.driver.library/Debug/liblpc17xx.cmsis.driver.library.a(lpc17xx_clkpwr.o)
                              /root/Documents/test31jan/FINALPROJECT/lpc17xx.cmsis.driver.library/Debug/liblpc17xx.cmsis.driver.library.a(lpc17xx_i2c.o) (CLKPWR_SetPCLKDiv)
/root/Documents/test31jan/FINALPROJECT/CMSISv2p00_LPC17xx/Debug/libCMSISv2p00_LPC17xx.a(system_LPC17xx.o)
                              ./Source/cr_startup_lpc176x.o (SystemInit)
/usr/local/lpcxpresso_4.3.0_1025/lpcxpresso/tools/bin/../lib/gcc/arm-none-eabi/4.5.1/../../../../arm-none-eabi/lib/thumb2/libcr_nohost.a(_cr__main.o)
                              ./Source/cr_startup_lpc176x.o (__main)
/usr/local/lpcxpresso_4.3.0_1025/lpcxpresso/tools/bin/../lib/gcc/arm-none-eabi/4.5.1/../../../../arm-none-eabi/lib/thumb2/libcr_c.a(initio.o)
                              /usr/local/lpcxpresso_4.3.0_1025/lpcxpresso/tools/bin/../lib/gcc/arm-none-eabi/4.5.1/../../../../arm-none-eabi/lib/thumb2/libcr_nohost.a(_cr__main.o) (_initio)
/usr/local/lpcxpresso_4.3.0_1025/lpcxpresso/tools/bin/../lib/gcc/arm-none-eabi/4.5.1/../../../../arm-none-eabi/lib/thumb2/libcr_c.a(memcmp.o)
                              ./Source/FreeRTOS-Products/FreeRTOS/tasks.o (memcmp)
/usr/local/lpcxpresso_4.3.0_1025/lpcxpresso/tools/bin/../lib/gcc/arm-none-eabi/4.5.1/../../../../arm-none-eabi/lib/thumb2/libcr_c.a(setvbuf.o)
                              /usr/local/lpcxpresso_4.3.0_1025/lpcxpresso/tools/bin/../lib/gcc/arm-none-eabi/4.5.1/../../../../arm-none-eabi/lib/thumb2/libcr_c.a(initio.o) (setvbuf)
/usr/local/lpcxpresso_4.3.0_1025/lpcxpresso/tools/bin/../lib/gcc/arm-none-eabi/4.5.1/../../../../arm-none-eabi/lib/thumb2/libcr_c.a(stdio.o)
                              /usr/local/lpcxpresso_4.3.0_1025/lpcxpresso/tools/bin/../lib/gcc/arm-none-eabi/4.5.1/../../../../arm-none-eabi/lib/thumb2/libcr_c.a(initio.o) (__Ciob)
/usr/local/lpcxpresso_4.3.0_1025/lpcxpresso/tools/bin/../lib/gcc/arm-none-eabi/4.5.1/../../../../arm-none-eabi/lib/thumb2/libcr_c.a(strcat.o)
                              ./Source/FreeRTOS-Products/FreeRTOS/tasks.o (strcat)
/usr/local/lpcxpresso_4.3.0_1025/lpcxpresso/tools/bin/../lib/gcc/arm-none-eabi/4.5.1/../../../../arm-none-eabi/lib/thumb2/libcr_c.a(strcmp.o)
                              ./Source/FreeRTOS-Products/FreeRTOS-Plus-IO/Common/FreeRTOS_DriverInterface.o (strcmp)
/usr/local/lpcxpresso_4.3.0_1025/lpcxpresso/tools/bin/../lib/gcc/arm-none-eabi/4.5.1/../../../../arm-none-eabi/lib/thumb2/libcr_c.a(strcpy.o)
                              ./Source/main.o (strcpy)
/usr/local/lpcxpresso_4.3.0_1025/lpcxpresso/tools/bin/../lib/gcc/arm-none-eabi/4.5.1/../../../../arm-none-eabi/lib/thumb2/libcr_c.a(strlen.o)
                              ./Source/main.o (strlen)
/usr/local/lpcxpresso_4.3.0_1025/lpcxpresso/tools/bin/../lib/gcc/arm-none-eabi/4.5.1/../../../../arm-none-eabi/lib/thumb2/libcr_c.a(strncmp.o)
                              ./Source/FreeRTOS-Products/FreeRTOS-Plus-CLI/FreeRTOS_CLI.o (strncmp)
/usr/local/lpcxpresso_4.3.0_1025/lpcxpresso/tools/bin/../lib/gcc/arm-none-eabi/4.5.1/../../../../arm-none-eabi/lib/thumb2/libcr_c.a(strncpy.o)
                              ./Source/FreeRTOS-Products/FreeRTOS-Plus-CLI/FreeRTOS_CLI.o (strncpy)
/usr/local/lpcxpresso_4.3.0_1025/lpcxpresso/tools/bin/../lib/gcc/arm-none-eabi/4.5.1/../../../../arm-none-eabi/lib/thumb2/libcr_c.a(memcpy.o)
                              ./Source/FreeRTOS-Products/FreeRTOS-Plus-IO/Common/IOUtils_CircularBufferRx.o (memcpy)
[...]
Memory Configuration

Name             Origin             Length             Attributes
MFlash512        0x00000000         0x00080000         xr
RamLoc32         0x10000000         0x00008000         xrw
RamAHB32         0x2007c000         0x00008000         xrw
*default*        0x00000000         0xffffffff

Linker script and memory map

LOAD ./Source/cr_startup_lpc176x.o
LOAD ./Source/main.o
LOAD ./Source/printf-stdarg.o
LOAD ./Source/FreeRTOS-Products/FreeRTOS-Plus-IO/Device/LPC17xx/FreeRTOS_lpc17xx_DriverInterface.o
LOAD ./Source/FreeRTOS-Products/FreeRTOS-Plus-IO/Device/LPC17xx/FreeRTOS_lpc17xx_i2c.o
LOAD ./Source/FreeRTOS-Products/FreeRTOS-Plus-IO/Device/LPC17xx/FreeRTOS_lpc17xx_lcd.o
LOAD ./Source/FreeRTOS-Products/FreeRTOS-Plus-IO/Device/LPC17xx/FreeRTOS_lpc17xx_uart.o
LOAD ./Source/FreeRTOS-Products/FreeRTOS-Plus-IO/Common/FreeRTOS_DriverInterface.o
LOAD ./Source/FreeRTOS-Products/FreeRTOS-Plus-IO/Common/FreeRTOS_IOUtils.o
LOAD ./Source/FreeRTOS-Products/FreeRTOS-Plus-IO/Common/IOUtils_CharQueueTxAndRx.o
LOAD ./Source/FreeRTOS-Products/FreeRTOS-Plus-IO/Common/IOUtils_CircularBufferRx.o
LOAD ./Source/FreeRTOS-Products/FreeRTOS-Plus-IO/Common/IOUtils_ZeroCopyTx.o
LOAD ./Source/FreeRTOS-Products/FreeRTOS-Plus-CLI/FreeRTOS_CLI.o
LOAD ./Source/FreeRTOS-Products/FreeRTOS/croutine.o
LOAD ./Source/FreeRTOS-Products/FreeRTOS/list.o
LOAD ./Source/FreeRTOS-Products/FreeRTOS/queue.o
LOAD ./Source/FreeRTOS-Products/FreeRTOS/tasks.o
LOAD ./Source/FreeRTOS-Products/FreeRTOS/timers.o
LOAD ./Source/FreeRTOS-Products/FreeRTOS/portable/MemMang/heap_2.o
LOAD ./Source/FreeRTOS-Products/FreeRTOS/portable/GCC/ARM_CM3/port.o
LOAD ./Source/Examples/UART/MY_UART.o
LOAD ./Source/Examples/UART/UART-interrupt-driven-command-console.o
LOAD ./Source/Examples/UART/UART-operation-modes-test.o
LOAD ./Source/Examples/LCD/lcd.o
LOAD ./Source/Examples/I2C/I2C-coordinator.o
LOAD ./Source/Examples/I2C/I2C-to-and-from-EEPROM.o
LOAD ./Source/Examples/GPIO/GPIO-output-and-software-timers.o
LOAD /root/Documents/test31jan/FINALPROJECT/lpc17xx.cmsis.driver.library/Debug/liblpc17xx.cmsis.driver.library.a
LOAD /root/Documents/test31jan/FINALPROJECT/CMSISv2p00_LPC17xx/Debug/libCMSISv2p00_LPC17xx.a
START GROUP
LOAD /usr/local/lpcxpresso_4.3.0_1025/lpcxpresso/tools/bin/../lib/gcc/arm-none-eabi/4.5.1/../../../../arm-none-eabi/lib/thumb2/libcr_nohost.a
LOAD /usr/local/lpcxpresso_4.3.0_1025/lpcxpresso/tools/bin/../lib/gcc/arm-none-eabi/4.5.1/../../../../arm-none-eabi/lib/thumb2/libcr_c.a
LOAD /usr/local/lpcxpresso_4.3.0_1025/lpcxpresso/tools/bin/../lib/gcc/arm-none-eabi/4.5.1/thumb2/libcr_eabihelpers.a
END GROUP
                0x00080000                __top_MFlash512 = 0x80000
                0x10008000                __top_RamLoc32 = 0x10008000
                0x20084000                __top_RamAHB32 = 0x20084000

.text           0x00000000     0x9120
 FILL mask 0xff
 *(.isr_vector)
 .isr_vector    0x00000000       0xcc ./Source/cr_startup_lpc176x.o
                0x00000000                g_pfnVectors
                0x000000cc                . = ALIGN (0x4)
                0x000000cc                __section_table_start = .
                0x000000cc                __data_section_table = .
                0x000000cc        0x4 LONG 0x9120 LOADADDR (.data)
                0x000000d0        0x4 LONG 0x10000000 ADDR (.data)
                0x000000d4        0x4 LONG 0x28 SIZEOF (.data)
                0x000000d8        0x4 LONG 0x9120 LOADADDR (.data_RAM2)
                0x000000dc        0x4 LONG 0x2007c000 ADDR (.data_RAM2)
                0x000000e0        0x4 LONG 0x0 SIZEOF (.data_RAM2)
                0x000000e4                __data_section_table_end = .
                0x000000e4                __bss_section_table = .
                0x000000e4        0x4 LONG 0x10000028 ADDR (.bss)
                0x000000e8        0x4 LONG 0x4468 SIZEOF (.bss)
                0x000000ec        0x4 LONG 0x2007c000 ADDR (.bss_RAM2)
                0x000000f0        0x4 LONG 0x0 SIZEOF (.bss_RAM2)
                0x000000f4                __bss_section_table_end = .
                0x000000f4                __section_table_end = .
 *(.after_vectors*)
 .after_vectors
                0x000000f4       0x94 ./Source/cr_startup_lpc176x.o
                0x000000f4                NMI_Handler
                0x000000f6                HardFault_Handler
                0x00000112                MemManage_Handler
                0x00000114                BusFault_Handler
                0x00000116                UsageFault_Handler
                0x0000011a                DebugMon_Handler
                0x00000120                data_init
                0x00000132                bss_init
                0x00000142                ResetISR
                0x00000184                TIMER2_IRQHandler
                0x00000184                RIT_IRQHandler
                0x00000184                USBActivity_IRQHandler
                0x00000184                PWM1_IRQHandler
                0x00000184                I2C1_IRQHandler
                0x00000184                EINT2_IRQHandler
                0x00000184                EINT3_IRQHandler
                0x00000184                CANActivity_IRQHandler
                0x00000184                TIMER3_IRQHandler
                0x00000184                UART0_IRQHandler
                0x00000184                IntDefaultHandler
                0x00000184                PLL0_IRQHandler
                0x00000184                CAN_IRQHandler
                0x00000184                PLL1_IRQHandler
                0x00000184                SSP0_IRQHandler
                0x00000184                I2S_IRQHandler
                0x00000184                I2C2_IRQHandler
                0x00000184                RTC_IRQHandler
                0x00000184                TIMER0_IRQHandler
                0x00000184                SPI_IRQHandler
                0x00000184                EINT1_IRQHandler
                0x00000184                TIMER1_IRQHandler
                0x00000184                UART2_IRQHandler
                0x00000184                ADC_IRQHandler
                0x00000184                SSP1_IRQHandler
                0x00000184                USB_IRQHandler
                0x00000184                BOD_IRQHandler
                0x00000184                WDT_IRQHandler
                0x00000184                QEI_IRQHandler
                0x00000184                EINT0_IRQHandler
                0x00000184                DMA_IRQHandler
                0x00000184                MCPWM_IRQHandler
                0x00000184                ENET_IRQHandler
 *(.text*)
 .text.pop_registers_from_fault_stack
                0x00000188       0x24 ./Source/cr_startup_lpc176x.o
                0x00000188                pop_registers_from_fault_stack
 .text.NVIC_SetPriorityGrouping
                0x000001ac       0x54 ./Source/main.o
 .text.main     0x00000200       0x80 ./Source/main.o
                0x00000200                main
 .text.prvTaskStatsCommand
                0x00000280       0x54 ./Source/main.o
 .text.prvRunTimeStatsCommand
                0x000002d4       0x54 ./Source/main.o
 .text.vMainConfigureTimerForRunTimeStats
                0x00000328       0x30 ./Source/main.o
                0x00000328                vMainConfigureTimerForRunTimeStats
 .text.ulMainGetRunTimeCounterValue
                0x00000358       0xa4 ./Source/main.o
                0x00000358                ulMainGetRunTimeCounterValue
 .text.vApplicationStackOverflowHook
                0x000003fc       0x14 ./Source/main.o
                0x000003fc                vApplicationStackOverflowHook
 .text.vApplicationMallocFailedHook
                0x00000410       0x10 ./Source/main.o
                0x00000410                vApplicationMallocFailedHook
 .text.printchar
                0x00000420       0x30 ./Source/printf-stdarg.o
 .text.prints   0x00000450       0xd0 ./Source/printf-stdarg.o
 .text.printi   0x00000520       0xf4 ./Source/printf-stdarg.o
 .text.print    0x00000614      0x218 ./Source/printf-stdarg.o
 .text.sprintf  0x0000082c       0x30 ./Source/printf-stdarg.o
                0x0000082c                sprintf
 .text.vFreeRTOS_lpc17xx_PopulateFunctionPointers
                0x0000085c       0x5c ./Source/FreeRTOS-Products/FreeRTOS-Plus-IO/Device/LPC17xx/FreeRTOS_lpc17xx_DriverInterface.o
                0x0000085c                vFreeRTOS_lpc17xx_PopulateFunctionPointers
 .text.NVIC_DisableIRQ
                0x000008b8       0x3c ./Source/FreeRTOS-Products/FreeRTOS-Plus-IO/Device/LPC17xx/FreeRTOS_lpc17xx_i2c.o
 .text.NVIC_ClearPendingIRQ
                0x000008f4       0x3c ./Source/FreeRTOS-Products/FreeRTOS-Plus-IO/Device/LPC17xx/FreeRTOS_lpc17xx_i2c.o
 .text.NVIC_SetPriority
                0x00000930       0x5c ./Source/FreeRTOS-Products/FreeRTOS-Plus-IO/Device/LPC17xx/FreeRTOS_lpc17xx_i2c.o
 .text.FreeRTOS_I2C_open
                0x0000098c      0x188 ./Source/FreeRTOS-Products/FreeRTOS-Plus-IO/Device/LPC17xx/FreeRTOS_lpc17xx_i2c.o
                0x0000098c                FreeRTOS_I2C_open
 .text.FreeRTOS_I2C_write
                0x00000b14      0x1d8 ./Source/FreeRTOS-Products/FreeRTOS-Plus-IO/Device/LPC17xx/FreeRTOS_lpc17xx_i2c.o
                0x00000b14                FreeRTOS_I2C_write
 .text.FreeRTOS_I2C_read
                0x00000cec      0x1d8 ./Source/FreeRTOS-Products/FreeRTOS-Plus-IO/Device/LPC17xx/FreeRTOS_lpc17xx_i2c.o
                0x00000cec                FreeRTOS_I2C_read
 .text.FreeRTOS_I2C_ioctl
                0x00000ec4      0x130 ./Source/FreeRTOS-Products/FreeRTOS-Plus-IO/Device/LPC17xx/FreeRTOS_lpc17xx_i2c.o
                0x00000ec4                FreeRTOS_I2C_ioctl
 .text.I2C0_IRQHandler
                0x00000ff4      0x39c ./Source/FreeRTOS-Products/FreeRTOS-Plus-IO/Device/LPC17xx/FreeRTOS_lpc17xx_i2c.o
                0x00000ff4                I2C0_IRQHandler
 .text.delay    0x00001390       0x4c ./Source/FreeRTOS-Products/FreeRTOS-Plus-IO/Device/LPC17xx/FreeRTOS_lpc17xx_lcd.o
                0x00001390                delay
 .text.FreeRTOS_LCD_open
                0x000013dc       0xf0 ./Source/FreeRTOS-Products/FreeRTOS-Plus-IO/Device/LPC17xx/FreeRTOS_lpc17xx_lcd.o
                0x000013dc                FreeRTOS_LCD_open
 .text.FreeRTOS_LCD_ioctl
                0x000014cc      0x214 ./Source/FreeRTOS-Products/FreeRTOS-Plus-IO/Device/LPC17xx/FreeRTOS_lpc17xx_lcd.o
                0x000014cc                FreeRTOS_LCD_ioctl
 .text.FreeRTOS_LCD_write
                0x000016e0       0xf4 ./Source/FreeRTOS-Products/FreeRTOS-Plus-IO/Device/LPC17xx/FreeRTOS_lpc17xx_lcd.o
                0x000016e0                FreeRTOS_LCD_write
 .text.NVIC_EnableIRQ
                0x000017d4       0x38 ./Source/FreeRTOS-Products/FreeRTOS-Plus-IO/Device/LPC17xx/FreeRTOS_lpc17xx_uart.o
 .text.NVIC_DisableIRQ
                0x0000180c       0x3c ./Source/FreeRTOS-Products/FreeRTOS-Plus-IO/Device/LPC17xx/FreeRTOS_lpc17xx_uart.o
 .text.NVIC_SetPriority
                0x00001848       0x5c ./Source/FreeRTOS-Products/FreeRTOS-Plus-IO/Device/LPC17xx/FreeRTOS_lpc17xx_uart.o
 .text.FreeRTOS_UART_open
                0x000018a4      0x124 ./Source/FreeRTOS-Products/FreeRTOS-Plus-IO/Device/LPC17xx/FreeRTOS_lpc17xx_uart.o
                0x000018a4                FreeRTOS_UART_open
 .text.FreeRTOS_UART_write
                0x000019c8      0x1fc ./Source/FreeRTOS-Products/FreeRTOS-Plus-IO/Device/LPC17xx/FreeRTOS_lpc17xx_uart.o
                0x000019c8                FreeRTOS_UART_write
 .text.FreeRTOS_UART_read
                0x00001bc4      0x124 ./Source/FreeRTOS-Products/FreeRTOS-Plus-IO/Device/LPC17xx/FreeRTOS_lpc17xx_uart.o
                0x00001bc4                FreeRTOS_UART_read
 .text.prvFillFifoFromBuffer
                0x00001ce8       0x5c ./Source/FreeRTOS-Products/FreeRTOS-Plus-IO/Device/LPC17xx/FreeRTOS_lpc17xx_uart.o
 .text.FreeRTOS_UART_ioctl
                0x00001d44      0x138 ./Source/FreeRTOS-Products/FreeRTOS-Plus-IO/Device/LPC17xx/FreeRTOS_lpc17xx_uart.o
                0x00001d44                FreeRTOS_UART_ioctl
 .text.UART3_IRQHandler
                0x00001e7c      0x2ac ./Source/FreeRTOS-Products/FreeRTOS-Plus-IO/Device/LPC17xx/FreeRTOS_lpc17xx_uart.o
                0x00001e7c                UART3_IRQHandler
 .text.UART1_IRQHandler
                0x00002128      0x2ac ./Source/FreeRTOS-Products/FreeRTOS-Plus-IO/Device/LPC17xx/FreeRTOS_lpc17xx_uart.o
                0x00002128                UART1_IRQHandler
 .text.FreeRTOS_open
                0x000023d4      0x13c ./Source/FreeRTOS-Products/FreeRTOS-Plus-IO/Common/FreeRTOS_DriverInterface.o
                0x000023d4                FreeRTOS_open
 .text.FreeRTOS_ioctl
                0x00002510      0x1f4 ./Source/FreeRTOS-Products/FreeRTOS-Plus-IO/Common/FreeRTOS_DriverInterface.o
                0x00002510                FreeRTOS_ioctl
 .text.vIOUtilsCreateTransferControlStructure
                0x00002704       0xbc ./Source/FreeRTOS-Products/FreeRTOS-Plus-IO/Common/FreeRTOS_IOUtils.o
                0x00002704                vIOUtilsCreateTransferControlStructure
 .text.xIOUtilsSetTxQueueTimeout
                0x000027c0       0x28 ./Source/FreeRTOS-Products/FreeRTOS-Plus-IO/Common/IOUtils_CharQueueTxAndRx.o
                0x000027c0                xIOUtilsSetTxQueueTimeout
 .text.vIOUtilsSetRxQueueTimeout
                0x000027e8       0x28 ./Source/FreeRTOS-Products/FreeRTOS-Plus-IO/Common/IOUtils_CharQueueTxAndRx.o
                0x000027e8                vIOUtilsSetRxQueueTimeout
 .text.xIOUtilsConfigureTransferQueue
                0x00002810       0xdc ./Source/FreeRTOS-Products/FreeRTOS-Plus-IO/Common/IOUtils_CharQueueTxAndRx.o
                0x00002810                xIOUtilsConfigureTransferQueue
 .text.xIOUtilsReceiveCharsFromRxQueue
                0x000028ec       0x84 ./Source/FreeRTOS-Products/FreeRTOS-Plus-IO/Common/IOUtils_CharQueueTxAndRx.o
                0x000028ec                xIOUtilsReceiveCharsFromRxQueue
 .text.xIOUtilsWaitTxQueueEmpty
                0x00002970       0x70 ./Source/FreeRTOS-Products/FreeRTOS-Plus-IO/Common/IOUtils_CharQueueTxAndRx.o
                0x00002970                xIOUtilsWaitTxQueueEmpty
 .text.xIOUtilsClearRxCharQueue
                0x000029e0       0x38 ./Source/FreeRTOS-Products/FreeRTOS-Plus-IO/Common/IOUtils_CharQueueTxAndRx.o
                0x000029e0                xIOUtilsClearRxCharQueue
 .text.xIOUtilsConfigureCircularBufferRx
                0x00002a18      0x150 ./Source/FreeRTOS-Products/FreeRTOS-Plus-IO/Common/IOUtils_CircularBufferRx.o
                0x00002a18                xIOUtilsConfigureCircularBufferRx
 .text.vIOUtilsClearRxCircularBuffer
                0x00002b68       0x50 ./Source/FreeRTOS-Products/FreeRTOS-Plus-IO/Common/IOUtils_CircularBufferRx.o
                0x00002b68                vIOUtilsClearRxCircularBuffer
 .text.xIOUtilsReadCharsFromCircularBuffer
                0x00002bb8      0x110 ./Source/FreeRTOS-Products/FreeRTOS-Plus-IO/Common/IOUtils_CircularBufferRx.o
                0x00002bb8                xIOUtilsReadCharsFromCircularBuffer
 .text.vIOUtilsSetCircularBufferTimeout
                0x00002cc8       0x28 ./Source/FreeRTOS-Products/FreeRTOS-Plus-IO/Common/IOUtils_CircularBufferRx.o
                0x00002cc8                vIOUtilsSetCircularBufferTimeout
 .text.xIOUtilsConfigureZeroCopyTx
                0x00002cf0       0xb8 ./Source/FreeRTOS-Products/FreeRTOS-Plus-IO/Common/IOUtils_ZeroCopyTx.o
                0x00002cf0                xIOUtilsConfigureZeroCopyTx
 .text.xIOUtilsGetZeroCopyWriteMutex
                0x00002da8       0x6c ./Source/FreeRTOS-Products/FreeRTOS-Plus-IO/Common/IOUtils_ZeroCopyTx.o
                0x00002da8                xIOUtilsGetZeroCopyWriteMutex
 .text.xIOUtilsReleaseZeroCopyWriteMutex
                0x00002e14       0x48 ./Source/FreeRTOS-Products/FreeRTOS-Plus-IO/Common/IOUtils_ZeroCopyTx.o
                0x00002e14                xIOUtilsReleaseZeroCopyWriteMutex
 .text.FreeRTOS_CLIRegisterCommand
                0x00002e5c       0x84 ./Source/FreeRTOS-Products/FreeRTOS-Plus-CLI/FreeRTOS_CLI.o
                0x00002e5c                FreeRTOS_CLIRegisterCommand
 .text.FreeRTOS_CLIProcessCommand
                0x00002ee0      0x160 ./Source/FreeRTOS-Products/FreeRTOS-Plus-CLI/FreeRTOS_CLI.o
                0x00002ee0                FreeRTOS_CLIProcessCommand
 .text.FreeRTOS_CLIGetOutputBuffer
                0x00003040       0x14 ./Source/FreeRTOS-Products/FreeRTOS-Plus-CLI/FreeRTOS_CLI.o
                0x00003040                FreeRTOS_CLIGetOutputBuffer
 .text.prvHelpCommand
                0x00003054       0x84 ./Source/FreeRTOS-Products/FreeRTOS-Plus-CLI/FreeRTOS_CLI.o
 .text.prvGetNumberOfParameters
                0x000030d8       0x5c ./Source/FreeRTOS-Products/FreeRTOS-Plus-CLI/FreeRTOS_CLI.o
 .text.vListInitialise
                0x00003134       0x48 ./Source/FreeRTOS-Products/FreeRTOS/list.o
                0x00003134                vListInitialise
 .text.vListInitialiseItem
                0x0000317c       0x1c ./Source/FreeRTOS-Products/FreeRTOS/list.o
                0x0000317c                vListInitialiseItem
 .text.vListInsertEnd
                0x00003198       0x54 ./Source/FreeRTOS-Products/FreeRTOS/list.o
                0x00003198                vListInsertEnd
 .text.vListInsert
                0x000031ec       0x78 ./Source/FreeRTOS-Products/FreeRTOS/list.o
                0x000031ec                vListInsert
 .text.vListRemove
                0x00003264       0x54 ./Source/FreeRTOS-Products/FreeRTOS/list.o
                0x00003264                vListRemove
 .text.xQueueGenericReset
                0x000032b8       0xbc ./Source/FreeRTOS-Products/FreeRTOS/queue.o
                0x000032b8                xQueueGenericReset
 .text.xQueueGenericCreate
                0x00003374       0x98 ./Source/FreeRTOS-Products/FreeRTOS/queue.o
                0x00003374                xQueueGenericCreate
 .text.xQueueCreateMutex
                0x0000340c       0xb4 ./Source/FreeRTOS-Products/FreeRTOS/queue.o
                0x0000340c                xQueueCreateMutex
 .text.xQueueGetMutexHolder
                0x000034c0       0x2c ./Source/FreeRTOS-Products/FreeRTOS/queue.o
                0x000034c0                xQueueGetMutexHolder
 .text.xQueueGenericSend
                0x000034ec      0x158 ./Source/FreeRTOS-Products/FreeRTOS/queue.o
                0x000034ec                xQueueGenericSend
 .text.xQueueGenericSendFromISR
                0x00003644       0xd8 ./Source/FreeRTOS-Products/FreeRTOS/queue.o
                0x00003644                xQueueGenericSendFromISR
 .text.xQueueGenericReceive
                0x0000371c      0x1bc ./Source/FreeRTOS-Products/FreeRTOS/queue.o
                0x0000371c                xQueueGenericReceive
 .text.xQueueReceiveFromISR
                0x000038d8       0xd8 ./Source/FreeRTOS-Products/FreeRTOS/queue.o
                0x000038d8                xQueueReceiveFromISR
 .text.uxQueueMessagesWaiting
                0x000039b0       0x34 ./Source/FreeRTOS-Products/FreeRTOS/queue.o
                0x000039b0                uxQueueMessagesWaiting
 .text.vQueueDelete
                0x000039e4       0x38 ./Source/FreeRTOS-Products/FreeRTOS/queue.o
                0x000039e4                vQueueDelete
 .text.prvCopyDataToQueue
                0x00003a1c       0xc4 ./Source/FreeRTOS-Products/FreeRTOS/queue.o
 .text.prvCopyDataFromQueue
                0x00003ae0       0x50 ./Source/FreeRTOS-Products/FreeRTOS/queue.o
 .text.prvUnlockQueue
                0x00003b30       0xa0 ./Source/FreeRTOS-Products/FreeRTOS/queue.o
 .text.prvIsQueueEmpty
                0x00003bd0       0x2c ./Source/FreeRTOS-Products/FreeRTOS/queue.o
 .text.prvIsQueueFull
                0x00003bfc       0x30 ./Source/FreeRTOS-Products/FreeRTOS/queue.o
 .text.vQueueUnregisterQueue
                0x00003c2c       0x54 ./Source/FreeRTOS-Products/FreeRTOS/queue.o
 .text.vQueueWaitForMessageRestricted
                0x00003c80       0x5c ./Source/FreeRTOS-Products/FreeRTOS/queue.o
                0x00003c80                vQueueWaitForMessageRestricted
 .text.xTaskGenericCreate
                0x00003cdc      0x204 ./Source/FreeRTOS-Products/FreeRTOS/tasks.o
                0x00003cdc                xTaskGenericCreate
 .text.vTaskDelete
                0x00003ee0       0xc0 ./Source/FreeRTOS-Products/FreeRTOS/tasks.o
                0x00003ee0                vTaskDelete
 .text.vTaskDelay
                0x00003fa0       0x5c ./Source/FreeRTOS-Products/FreeRTOS/tasks.o
                0x00003fa0                vTaskDelay
 .text.vTaskStartScheduler
                0x00003ffc       0x94 ./Source/FreeRTOS-Products/FreeRTOS/tasks.o
                0x00003ffc                vTaskStartScheduler
 .text.vTaskSuspendAll
                0x00004090       0x24 ./Source/FreeRTOS-Products/FreeRTOS/tasks.o
                0x00004090                vTaskSuspendAll
 .text.xTaskResumeAll
                0x000040b4      0x16c ./Source/FreeRTOS-Products/FreeRTOS/tasks.o
                0x000040b4                xTaskResumeAll
 .text.xTaskGetTickCount
                0x00004220       0x28 ./Source/FreeRTOS-Products/FreeRTOS/tasks.o
                0x00004220                xTaskGetTickCount
 .text.xTaskGetTickCountFromISR
                0x00004248       0x38 ./Source/FreeRTOS-Products/FreeRTOS/tasks.o
                0x00004248                xTaskGetTickCountFromISR
 .text.vTaskList
                0x00004280      0x120 ./Source/FreeRTOS-Products/FreeRTOS/tasks.o
                0x00004280                vTaskList
 .text.vTaskGetRunTimeStats
                0x000043a0      0x130 ./Source/FreeRTOS-Products/FreeRTOS/tasks.o
                0x000043a0                vTaskGetRunTimeStats
 .text.vTaskIncrementTick
                0x000044d0      0x1d0 ./Source/FreeRTOS-Products/FreeRTOS/tasks.o
                0x000044d0                vTaskIncrementTick
 .text.vTaskSwitchContext
                0x000046a0      0x19c ./Source/FreeRTOS-Products/FreeRTOS/tasks.o
                0x000046a0                vTaskSwitchContext
 .text.vTaskPlaceOnEventList
                0x0000483c       0x88 ./Source/FreeRTOS-Products/FreeRTOS/tasks.o
                0x0000483c                vTaskPlaceOnEventList
 .text.vTaskPlaceOnEventListRestricted
                0x000048c4       0x64 ./Source/FreeRTOS-Products/FreeRTOS/tasks.o
                0x000048c4                vTaskPlaceOnEventListRestricted
 .text.xTaskRemoveFromEventList
                0x00004928       0xd4 ./Source/FreeRTOS-Products/FreeRTOS/tasks.o
                0x00004928                xTaskRemoveFromEventList
 .text.vTaskSetTimeOutState
                0x000049fc       0x40 ./Source/FreeRTOS-Products/FreeRTOS/tasks.o
                0x000049fc                vTaskSetTimeOutState
 .text.xTaskCheckForTimeOut
                0x00004a3c       0xc4 ./Source/FreeRTOS-Products/FreeRTOS/tasks.o
                0x00004a3c                xTaskCheckForTimeOut
 .text.vTaskMissedYield
                0x00004b00       0x18 ./Source/FreeRTOS-Products/FreeRTOS/tasks.o
                0x00004b00                vTaskMissedYield
 .text.prvIdleTask
                0x00004b18       0x10 ./Source/FreeRTOS-Products/FreeRTOS/tasks.o
 .text.prvInitialiseTCBVariables
                0x00004b28       0x84 ./Source/FreeRTOS-Products/FreeRTOS/tasks.o
 .text.prvInitialiseTaskLists
                0x00004bac       0xa4 ./Source/FreeRTOS-Products/FreeRTOS/tasks.o
 .text.prvCheckTasksWaitingTermination
                0x00004c50       0x98 ./Source/FreeRTOS-Products/FreeRTOS/tasks.o
 .text.prvAddCurrentTaskToDelayedList
                0x00004ce8       0x8c ./Source/FreeRTOS-Products/FreeRTOS/tasks.o
 .text.prvAllocateTCBAndStack
                0x00004d74       0x74 ./Source/FreeRTOS-Products/FreeRTOS/tasks.o
 .text.prvListTaskWithinSingleList
                0x00004de8       0xd8 ./Source/FreeRTOS-Products/FreeRTOS/tasks.o
 .text.prvGenerateRunTimeStatsForTasksInList
                0x00004ec0      0x120 ./Source/FreeRTOS-Products/FreeRTOS/tasks.o
 .text.usTaskCheckFreeStackSpace
                0x00004fe0       0x38 ./Source/FreeRTOS-Products/FreeRTOS/tasks.o
 .text.prvDeleteTCB
                0x00005018       0x20 ./Source/FreeRTOS-Products/FreeRTOS/tasks.o
 .text.xTaskGetCurrentTaskHandle
                0x00005038       0x20 ./Source/FreeRTOS-Products/FreeRTOS/tasks.o
                0x00005038                xTaskGetCurrentTaskHandle
 .text.xTaskGetSchedulerState
                0x00005058       0x48 ./Source/FreeRTOS-Products/FreeRTOS/tasks.o
                0x00005058                xTaskGetSchedulerState
 .text.vTaskPriorityInherit
                0x000050a0       0xe8 ./Source/FreeRTOS-Products/FreeRTOS/tasks.o
                0x000050a0                vTaskPriorityInherit
 .text.vTaskPriorityDisinherit
                0x00005188       0x90 ./Source/FreeRTOS-Products/FreeRTOS/tasks.o
                0x00005188                vTaskPriorityDisinherit
 .text.xTimerCreateTimerTask
                0x00005218       0x74 ./Source/FreeRTOS-Products/FreeRTOS/timers.o
                0x00005218                xTimerCreateTimerTask
 .text.xTimerCreate
                0x0000528c       0x78 ./Source/FreeRTOS-Products/FreeRTOS/timers.o
                0x0000528c                xTimerCreate
 .text.xTimerGenericCommand
                0x00005304       0xac ./Source/FreeRTOS-Products/FreeRTOS/timers.o
                0x00005304                xTimerGenericCommand
 .text.prvProcessExpiredTimer
                0x000053b0       0x80 ./Source/FreeRTOS-Products/FreeRTOS/timers.o
 .text.prvTimerTask
                0x00005430       0x24 ./Source/FreeRTOS-Products/FreeRTOS/timers.o
 .text.prvProcessTimerOrBlockTask
                0x00005454       0x74 ./Source/FreeRTOS-Products/FreeRTOS/timers.o
 .text.prvGetNextExpireTime
                0x000054c8       0x50 ./Source/FreeRTOS-Products/FreeRTOS/timers.o
 .text.prvSampleTimeNow
                0x00005518       0x58 ./Source/FreeRTOS-Products/FreeRTOS/timers.o
 .text.prvInsertTimerInActiveList
                0x00005570       0x94 ./Source/FreeRTOS-Products/FreeRTOS/timers.o
 .text.prvProcessReceivedCommands
                0x00005604      0x11c ./Source/FreeRTOS-Products/FreeRTOS/timers.o
 .text.prvSwitchTimerLists
                0x00005720       0xec ./Source/FreeRTOS-Products/FreeRTOS/timers.o
 .text.prvCheckForValidListAndQueue
                0x0000580c       0x74 ./Source/FreeRTOS-Products/FreeRTOS/timers.o
 .text.pvPortMalloc
                0x00005880      0x1bc ./Source/FreeRTOS-Products/FreeRTOS/portable/MemMang/heap_2.o
                0x00005880                pvPortMalloc
 .text.vPortFree
                0x00005a3c       0x88 ./Source/FreeRTOS-Products/FreeRTOS/portable/MemMang/heap_2.o
                0x00005a3c                vPortFree
 .text.pxPortInitialiseStack
                0x00005ac4       0x60 ./Source/FreeRTOS-Products/FreeRTOS/portable/GCC/ARM_CM3/port.o
                0x00005ac4                pxPortInitialiseStack
 .text.SVCall_Handler
                0x00005b24       0x20 ./Source/FreeRTOS-Products/FreeRTOS/portable/GCC/ARM_CM3/port.o
                0x00005b24                SVCall_Handler
 .text.vPortStartFirstTask
                0x00005b44       0x14 ./Source/FreeRTOS-Products/FreeRTOS/portable/GCC/ARM_CM3/port.o
                0x00005b44                vPortStartFirstTask
 .text.xPortStartScheduler
                0x00005b58       0x54 ./Source/FreeRTOS-Products/FreeRTOS/portable/GCC/ARM_CM3/port.o
                0x00005b58                xPortStartScheduler
 .text.vPortYieldFromISR
                0x00005bac       0x18 ./Source/FreeRTOS-Products/FreeRTOS/portable/GCC/ARM_CM3/port.o
                0x00005bac                vPortYieldFromISR
 .text.vPortEnterCritical
                0x00005bc4       0x2c ./Source/FreeRTOS-Products/FreeRTOS/portable/GCC/ARM_CM3/port.o
                0x00005bc4                vPortEnterCritical
 .text.vPortExitCritical
                0x00005bf0       0x38 ./Source/FreeRTOS-Products/FreeRTOS/portable/GCC/ARM_CM3/port.o
                0x00005bf0                vPortExitCritical
 .text.PendSV_Handler
                0x00005c28       0x3c ./Source/FreeRTOS-Products/FreeRTOS/portable/GCC/ARM_CM3/port.o
                0x00005c28                PendSV_Handler
 .text.SysTick_Handler
                0x00005c64       0x38 ./Source/FreeRTOS-Products/FreeRTOS/portable/GCC/ARM_CM3/port.o
                0x00005c64                SysTick_Handler
 .text.prvSetupTimerInterrupt
                0x00005c9c       0x40 ./Source/FreeRTOS-Products/FreeRTOS/portable/GCC/ARM_CM3/port.o
 .text.vUARTtaskstart
                0x00005cdc       0x48 ./Source/Examples/UART/MY_UART.o
                0x00005cdc                vUARTtaskstart
 .text.prvUARTTask
                0x00005d24       0xb8 ./Source/Examples/UART/MY_UART.o
 .text.vUARTCommandConsoleStart
                0x00005ddc       0x44 ./Source/Examples/UART/UART-interrupt-driven-command-console.o
                0x00005ddc                vUARTCommandConsoleStart
 .text.prvUARTCommandConsoleTask
                0x00005e20      0x22c ./Source/Examples/UART/UART-interrupt-driven-command-console.o
 .text.lcd_task_start
                0x0000604c       0x44 ./Source/Examples/LCD/lcd.o
                0x0000604c                lcd_task_start
 .text.lcd_task
                0x00006090       0xfc ./Source/Examples/LCD/lcd.o
 .text.vI2CTaskStart
                0x0000618c       0x48 ./Source/Examples/I2C/I2C-coordinator.o
                0x0000618c                vI2CTaskStart
 .text.prvI2CTask
                0x000061d4       0x88 ./Source/Examples/I2C/I2C-coordinator.o
 .text.vI2C_EEPROMTest
                0x0000625c      0x2f0 ./Source/Examples/I2C/I2C-to-and-from-EEPROM.o
                0x0000625c                vI2C_EEPROMTest
 .text.prvSetSlaveAddress
                0x0000654c       0x34 ./Source/Examples/I2C/I2C-to-and-from-EEPROM.o
 .text.prvWritePageToEEPROM
                0x00006580       0x90 ./Source/Examples/I2C/I2C-to-and-from-EEPROM.o
 .text.vGPIOSoftwareTimersStart
                0x00006610       0xdc ./Source/Examples/GPIO/GPIO-output-and-software-timers.o
                0x00006610                vGPIOSoftwareTimersStart
 .text.prvGPIOTimerCallback
                0x000066ec       0xf0 ./Source/Examples/GPIO/GPIO-output-and-software-timers.o
 .text.GPIO_GetPointer
                0x000067dc       0x7c /root/Documents/test31jan/FINALPROJECT/lpc17xx.cmsis.driver.library/Debug/liblpc17xx.cmsis.driver.library.a(lpc17xx_gpio.o)
 .text.GPIO_SetDir
                0x00006858       0x58 /root/Documents/test31jan/FINALPROJECT/lpc17xx.cmsis.driver.library/Debug/liblpc17xx.cmsis.driver.library.a(lpc17xx_gpio.o)
                0x00006858                GPIO_SetDir
 .text.GPIO_SetValue
                0x000068b0       0x2c /root/Documents/test31jan/FINALPROJECT/lpc17xx.cmsis.driver.library/Debug/liblpc17xx.cmsis.driver.library.a(lpc17xx_gpio.o)
                0x000068b0                GPIO_SetValue
 .text.GPIO_ClearValue
                0x000068dc       0x2c /root/Documents/test31jan/FINALPROJECT/lpc17xx.cmsis.driver.library/Debug/liblpc17xx.cmsis.driver.library.a(lpc17xx_gpio.o)
                0x000068dc                GPIO_ClearValue
 .text.NVIC_EnableIRQ
                0x00006908       0x38 /root/Documents/test31jan/FINALPROJECT/lpc17xx.cmsis.driver.library/Debug/liblpc17xx.cmsis.driver.library.a(lpc17xx_i2c.o)
 .text.NVIC_DisableIRQ
                0x00006940       0x3c /root/Documents/test31jan/FINALPROJECT/lpc17xx.cmsis.driver.library/Debug/liblpc17xx.cmsis.driver.library.a(lpc17xx_i2c.o)
 .text.I2C_getNum
                0x0000697c       0x54 /root/Documents/test31jan/FINALPROJECT/lpc17xx.cmsis.driver.library/Debug/liblpc17xx.cmsis.driver.library.a(lpc17xx_i2c.o)
 .text.I2C_Start
                0x000069d0       0x44 /root/Documents/test31jan/FINALPROJECT/lpc17xx.cmsis.driver.library/Debug/liblpc17xx.cmsis.driver.library.a(lpc17xx_i2c.o)
                0x000069d0                I2C_Start
 .text.I2C_Stop
                0x00006a14       0x38 /root/Documents/test31jan/FINALPROJECT/lpc17xx.cmsis.driver.library/Debug/liblpc17xx.cmsis.driver.library.a(lpc17xx_i2c.o)
                0x00006a14                I2C_Stop
 .text.I2C_SendByte
                0x00006a4c       0x50 /root/Documents/test31jan/FINALPROJECT/lpc17xx.cmsis.driver.library/Debug/liblpc17xx.cmsis.driver.library.a(lpc17xx_i2c.o)
 .text.I2C_GetByte
                0x00006a9c       0x5c /root/Documents/test31jan/FINALPROJECT/lpc17xx.cmsis.driver.library/Debug/liblpc17xx.cmsis.driver.library.a(lpc17xx_i2c.o)
 .text.I2C_SetClock
                0x00006af8       0xc8 /root/Documents/test31jan/FINALPROJECT/lpc17xx.cmsis.driver.library/Debug/liblpc17xx.cmsis.driver.library.a(lpc17xx_i2c.o)
                0x00006af8                I2C_SetClock
 .text.I2C_Init
                0x00006bc0       0xd8 /root/Documents/test31jan/FINALPROJECT/lpc17xx.cmsis.driver.library/Debug/liblpc17xx.cmsis.driver.library.a(lpc17xx_i2c.o)
                0x00006bc0                I2C_Init
 .text.I2C_Cmd  0x00006c98       0x84 /root/Documents/test31jan/FINALPROJECT/lpc17xx.cmsis.driver.library/Debug/liblpc17xx.cmsis.driver.library.a(lpc17xx_i2c.o)
                0x00006c98                I2C_Cmd
 .text.I2C_IntCmd
                0x00006d1c       0xa8 /root/Documents/test31jan/FINALPROJECT/lpc17xx.cmsis.driver.library/Debug/liblpc17xx.cmsis.driver.library.a(lpc17xx_i2c.o)
                0x00006d1c                I2C_IntCmd
 .text.I2C_MasterTransferData
                0x00006dc4      0x33c /root/Documents/test31jan/FINALPROJECT/lpc17xx.cmsis.driver.library/Debug/liblpc17xx.cmsis.driver.library.a(lpc17xx_i2c.o)
                0x00006dc4                I2C_MasterTransferData
 .text.check_failed
                0x00007100        0xc /root/Documents/test31jan/FINALPROJECT/lpc17xx.cmsis.driver.library/Debug/liblpc17xx.cmsis.driver.library.a(lpc17xx_libcfg_default.o)
                0x00007100                check_failed
 .text.set_PinFunc
                0x0000710c       0xa0 /root/Documents/test31jan/FINALPROJECT/lpc17xx.cmsis.driver.library/Debug/liblpc17xx.cmsis.driver.library.a(lpc17xx_pinsel.o)
 .text.set_ResistorMode
                0x000071ac       0xa0 /root/Documents/test31jan/FINALPROJECT/lpc17xx.cmsis.driver.library/Debug/liblpc17xx.cmsis.driver.library.a(lpc17xx_pinsel.o)
 .text.set_OpenDrainMode
                0x0000724c       0x80 /root/Documents/test31jan/FINALPROJECT/lpc17xx.cmsis.driver.library/Debug/liblpc17xx.cmsis.driver.library.a(lpc17xx_pinsel.o)
 .text.PINSEL_ConfigPin
                0x000072cc       0x54 /root/Documents/test31jan/FINALPROJECT/lpc17xx.cmsis.driver.library/Debug/liblpc17xx.cmsis.driver.library.a(lpc17xx_pinsel.o)
                0x000072cc                PINSEL_ConfigPin
 .text.uart_set_divisors
                0x00007320      0x26c /root/Documents/test31jan/FINALPROJECT/lpc17xx.cmsis.driver.library/Debug/liblpc17xx.cmsis.driver.library.a(lpc17xx_uart.o)
 .text.UART_Init
                0x0000758c      0x368 /root/Documents/test31jan/FINALPROJECT/lpc17xx.cmsis.driver.library/Debug/liblpc17xx.cmsis.driver.library.a(lpc17xx_uart.o)
                0x0000758c                UART_Init
 .text.UART_SendByte
                0x000078f4       0x78 /root/Documents/test31jan/FINALPROJECT/lpc17xx.cmsis.driver.library/Debug/liblpc17xx.cmsis.driver.library.a(lpc17xx_uart.o)
                0x000078f4                UART_SendByte
 .text.UART_ReceiveByte
                0x0000796c       0x78 /root/Documents/test31jan/FINALPROJECT/lpc17xx.cmsis.driver.library/Debug/liblpc17xx.cmsis.driver.library.a(lpc17xx_uart.o)
                0x0000796c                UART_ReceiveByte
 .text.UART_Send
                0x000079e4      0x10c /root/Documents/test31jan/FINALPROJECT/lpc17xx.cmsis.driver.library/Debug/liblpc17xx.cmsis.driver.library.a(lpc17xx_uart.o)
                0x000079e4                UART_Send
 .text.UART_Receive
                0x00007af0       0xd8 /root/Documents/test31jan/FINALPROJECT/lpc17xx.cmsis.driver.library/Debug/liblpc17xx.cmsis.driver.library.a(lpc17xx_uart.o)
                0x00007af0                UART_Receive
 .text.UART_IntConfig
                0x00007bc8      0x1d0 /root/Documents/test31jan/FINALPROJECT/lpc17xx.cmsis.driver.library/Debug/liblpc17xx.cmsis.driver.library.a(lpc17xx_uart.o)
                0x00007bc8                UART_IntConfig
 .text.UART_GetIntId
                0x00007d98       0x68 /root/Documents/test31jan/FINALPROJECT/lpc17xx.cmsis.driver.library/Debug/liblpc17xx.cmsis.driver.library.a(lpc17xx_uart.o)
                0x00007d98                UART_GetIntId
 .text.UART_CheckBusy
                0x00007e00       0x2c /root/Documents/test31jan/FINALPROJECT/lpc17xx.cmsis.driver.library/Debug/liblpc17xx.cmsis.driver.library.a(lpc17xx_uart.o)
                0x00007e00                UART_CheckBusy
 .text.UART_FIFOConfig
                0x00007e2c      0x184 /root/Documents/test31jan/FINALPROJECT/lpc17xx.cmsis.driver.library/Debug/liblpc17xx.cmsis.driver.library.a(lpc17xx_uart.o)
                0x00007e2c                UART_FIFOConfig
 .text.UART_TxCmd
                0x00007fb0       0xe8 /root/Documents/test31jan/FINALPROJECT/lpc17xx.cmsis.driver.library/Debug/liblpc17xx.cmsis.driver.library.a(lpc17xx_uart.o)
                0x00007fb0                UART_TxCmd
 .text.CLKPWR_SetPCLKDiv
                0x00008098       0xd4 /root/Documents/test31jan/FINALPROJECT/lpc17xx.cmsis.driver.library/Debug/liblpc17xx.cmsis.driver.library.a(lpc17xx_clkpwr.o)
                0x00008098                CLKPWR_SetPCLKDiv
 .text.CLKPWR_GetPCLKSEL
                0x0000816c       0x54 /root/Documents/test31jan/FINALPROJECT/lpc17xx.cmsis.driver.library/Debug/liblpc17xx.cmsis.driver.library.a(lpc17xx_clkpwr.o)
                0x0000816c                CLKPWR_GetPCLKSEL
 .text.CLKPWR_GetPCLK
                0x000081c0       0x70 /root/Documents/test31jan/FINALPROJECT/lpc17xx.cmsis.driver.library/Debug/liblpc17xx.cmsis.driver.library.a(lpc17xx_clkpwr.o)
                0x000081c0                CLKPWR_GetPCLK
 .text.CLKPWR_ConfigPPWR
                0x00008230       0x80 /root/Documents/test31jan/FINALPROJECT/lpc17xx.cmsis.driver.library/Debug/liblpc17xx.cmsis.driver.library.a(lpc17xx_clkpwr.o)
                0x00008230                CLKPWR_ConfigPPWR
 .text.SystemInit
                0x000082b0       0xe4 /root/Documents/test31jan/FINALPROJECT/CMSISv2p00_LPC17xx/Debug/libCMSISv2p00_LPC17xx.a(system_LPC17xx.o)
                0x000082b0                SystemInit
 .text.__main   0x00008394       0x14 /usr/local/lpcxpresso_4.3.0_1025/lpcxpresso/tools/bin/../lib/gcc/arm-none-eabi/4.5.1/../../../../arm-none-eabi/lib/thumb2/libcr_nohost.a(_cr__main.o)
                0x00008394                __main
 .text._initio  0x000083a8       0x9c /usr/local/lpcxpresso_4.3.0_1025/lpcxpresso/tools/bin/../lib/gcc/arm-none-eabi/4.5.1/../../../../arm-none-eabi/lib/thumb2/libcr_c.a(initio.o)
                0x000083a8                _initio
 .text.memcmp   0x00008444       0x46 /usr/local/lpcxpresso_4.3.0_1025/lpcxpresso/tools/bin/../lib/gcc/arm-none-eabi/4.5.1/../../../../arm-none-eabi/lib/thumb2/libcr_c.a(memcmp.o)
                0x00008444                memcmp
 *fill*         0x0000848a        0x2 00
 .text.setvbuf  0x0000848c       0x48 /usr/local/lpcxpresso_4.3.0_1025/lpcxpresso/tools/bin/../lib/gcc/arm-none-eabi/4.5.1/../../../../arm-none-eabi/lib/thumb2/libcr_c.a(setvbuf.o)
                0x0000848c                setvbuf
 .text.strcat   0x000084d4       0x1c /usr/local/lpcxpresso_4.3.0_1025/lpcxpresso/tools/bin/../lib/gcc/arm-none-eabi/4.5.1/../../../../arm-none-eabi/lib/thumb2/libcr_c.a(strcat.o)
                0x000084d4                strcat
 .text.strcmp   0x000084f0       0x46 /usr/local/lpcxpresso_4.3.0_1025/lpcxpresso/tools/bin/../lib/gcc/arm-none-eabi/4.5.1/../../../../arm-none-eabi/lib/thumb2/libcr_c.a(strcmp.o)
                0x000084f0                strcmp
 .text.strcpy   0x00008536       0x42 /usr/local/lpcxpresso_4.3.0_1025/lpcxpresso/tools/bin/../lib/gcc/arm-none-eabi/4.5.1/../../../../arm-none-eabi/lib/thumb2/libcr_c.a(strcpy.o)
                0x00008536                strcpy
 .text.strlen   0x00008578       0x4e /usr/local/lpcxpresso_4.3.0_1025/lpcxpresso/tools/bin/../lib/gcc/arm-none-eabi/4.5.1/../../../../arm-none-eabi/lib/thumb2/libcr_c.a(strlen.o)
                0x00008578                strlen
 .text.strncmp  0x000085c6       0x58 /usr/local/lpcxpresso_4.3.0_1025/lpcxpresso/tools/bin/../lib/gcc/arm-none-eabi/4.5.1/../../../../arm-none-eabi/lib/thumb2/libcr_c.a(strncmp.o)
                0x000085c6                strncmp
 .text.strncpy  0x0000861e       0x58 /usr/local/lpcxpresso_4.3.0_1025/lpcxpresso/tools/bin/../lib/gcc/arm-none-eabi/4.5.1/../../../../arm-none-eabi/lib/thumb2/libcr_c.a(strncpy.o)
                0x0000861e                strncpy
 .text.memcpy   0x00008676        0x4 /usr/local/lpcxpresso_4.3.0_1025/lpcxpresso/tools/bin/../lib/gcc/arm-none-eabi/4.5.1/../../../../arm-none-eabi/lib/thumb2/libcr_c.a(memcpy.o)
                0x00008676                memcpy
 .text.memset   0x0000867a        0x4 /usr/local/lpcxpresso_4.3.0_1025/lpcxpresso/tools/bin/../lib/gcc/arm-none-eabi/4.5.1/../../../../arm-none-eabi/lib/thumb2/libcr_c.a(memset.o)
                0x0000867a                memset
 .text._deferredlazyseek
                0x0000867e       0x44 /usr/local/lpcxpresso_4.3.0_1025/lpcxpresso/tools/bin/../lib/gcc/arm-none-eabi/4.5.1/../../../../arm-none-eabi/lib/thumb2/libcr_c.a(_deferredlazyseek.o)
                0x0000867e                _deferredlazyseek
 .text._fdopen  0x000086c2       0x6e /usr/local/lpcxpresso_4.3.0_1025/lpcxpresso/tools/bin/../lib/gcc/arm-none-eabi/4.5.1/../../../../arm-none-eabi/lib/thumb2/libcr_c.a(_fdopen.o)
                0x000086c2                _fdopen
 .text._fflush  0x00008730       0x58 /usr/local/lpcxpresso_4.3.0_1025/lpcxpresso/tools/bin/../lib/gcc/arm-none-eabi/4.5.1/../../../../arm-none-eabi/lib/thumb2/libcr_c.a(_fflush.o)
                0x00008730                _fflush
 .text._Cwritebuf
                0x00008788       0x88 /usr/local/lpcxpresso_4.3.0_1025/lpcxpresso/tools/bin/../lib/gcc/arm-none-eabi/4.5.1/../../../../arm-none-eabi/lib/thumb2/libcr_c.a(_writebuf.o)
                0x00008788                _Cwritebuf
 .text.malloc   0x00008810       0xd0 /usr/local/lpcxpresso_4.3.0_1025/lpcxpresso/tools/bin/../lib/gcc/arm-none-eabi/4.5.1/../../../../arm-none-eabi/lib/thumb2/libcr_c.a(alloc.o)
                0x00008810                malloc
 .text.free     0x000088e0        0xa /usr/local/lpcxpresso_4.3.0_1025/lpcxpresso/tools/bin/../lib/gcc/arm-none-eabi/4.5.1/../../../../arm-none-eabi/lib/thumb2/libcr_c.a(alloc.o)
                0x000088e0                free
 *fill*         0x000088ea        0x2 00
 .text._Csys_alloc
                0x000088ec       0x20 /usr/local/lpcxpresso_4.3.0_1025/lpcxpresso/tools/bin/../lib/gcc/arm-none-eabi/4.5.1/../../../../arm-none-eabi/lib/thumb2/libcr_c.a(alloc.o)
                0x000088ec                _Csys_alloc
 .text.fclose   0x0000890c       0x72 /usr/local/lpcxpresso_4.3.0_1025/lpcxpresso/tools/bin/../lib/gcc/arm-none-eabi/4.5.1/../../../../arm-none-eabi/lib/thumb2/libcr_c.a(fclose.o)
                0x0000890c                fclose
 *fill*         0x0000897e        0x2 00
 .text.fflush   0x00008980       0x34 /usr/local/lpcxpresso_4.3.0_1025/lpcxpresso/tools/bin/../lib/gcc/arm-none-eabi/4.5.1/../../../../arm-none-eabi/lib/thumb2/libcr_c.a(fflush.o)
                0x00008980                fflush
 .text.fseek    0x000089b4      0x110 /usr/local/lpcxpresso_4.3.0_1025/lpcxpresso/tools/bin/../lib/gcc/arm-none-eabi/4.5.1/../../../../arm-none-eabi/lib/thumb2/libcr_c.a(fseek.o)
                0x000089b4                fseek
 .text.ftell    0x00008ac4       0x50 /usr/local/lpcxpresso_4.3.0_1025/lpcxpresso/tools/bin/../lib/gcc/arm-none-eabi/4.5.1/../../../../arm-none-eabi/lib/thumb2/libcr_c.a(ftell.o)
                0x00008ac4                ftell
 .text.remove   0x00008b14       0x14 /usr/local/lpcxpresso_4.3.0_1025/lpcxpresso/tools/bin/../lib/gcc/arm-none-eabi/4.5.1/../../../../arm-none-eabi/lib/thumb2/libcr_c.a(remove.o)
                0x00008b14                remove
 .text._do_fflush
                0x00008b28       0x44 /usr/local/lpcxpresso_4.3.0_1025/lpcxpresso/tools/bin/../lib/gcc/arm-none-eabi/4.5.1/../../../../arm-none-eabi/lib/thumb2/libcr_c.a(_do_fflush.o)
                0x00008b28                _do_fflush
 .text.__aeabi_memcpy
                0x00008b6c       0x26 /usr/local/lpcxpresso_4.3.0_1025/lpcxpresso/tools/bin/../lib/gcc/arm-none-eabi/4.5.1/thumb2/libcr_eabihelpers.a(memcpy.o)
                0x00008b6c                __aeabi_memcpy
                0x00008b6c                __aeabi_memcpy4
                0x00008b6c                __aeabi_memcpy8
 .text.__aeabi_memset_lowlevel
                0x00008b92       0x24 /usr/local/lpcxpresso_4.3.0_1025/lpcxpresso/tools/bin/../lib/gcc/arm-none-eabi/4.5.1/thumb2/libcr_eabihelpers.a(memcpy.o)
                0x00008b92                __aeabi_lowlevel_memset
 .text.__sys_appexit
                0x00008bb6        0x2 /usr/local/lpcxpresso_4.3.0_1025/lpcxpresso/tools/bin/../lib/gcc/arm-none-eabi/4.5.1/../../../../arm-none-eabi/lib/thumb2/libcr_nohost.a(__sys_appexit.o)
                0x00008bb6                __exit
                0x00008bb6                __sys_appexit
 .text.__sys_close
                0x00008bb8        0x6 /usr/local/lpcxpresso_4.3.0_1025/lpcxpresso/tools/bin/../lib/gcc/arm-none-eabi/4.5.1/../../../../arm-none-eabi/lib/thumb2/libcr_nohost.a(__sys_close.o)
                0x00008bb8                __sys_close
 .text.__sys_flen
                0x00008bbe        0x6 /usr/local/lpcxpresso_4.3.0_1025/lpcxpresso/tools/bin/../lib/gcc/arm-none-eabi/4.5.1/../../../../arm-none-eabi/lib/thumb2/libcr_nohost.a(__sys_flen.o)
                0x00008bbe                __sys_flen
 .text.__sys_istty
                0x00008bc4        0x6 /usr/local/lpcxpresso_4.3.0_1025/lpcxpresso/tools/bin/../lib/gcc/arm-none-eabi/4.5.1/../../../../arm-none-eabi/lib/thumb2/libcr_nohost.a(__sys_istty.o)
                0x00008bc4                __sys_istty
 .text.__sys_remove
                0x00008bca        0x6 /usr/local/lpcxpresso_4.3.0_1025/lpcxpresso/tools/bin/../lib/gcc/arm-none-eabi/4.5.1/../../../../arm-none-eabi/lib/thumb2/libcr_nohost.a(__sys_remove.o)
                0x00008bca                __sys_remove
 .text.__sys_seek
                0x00008bd0        0x6 /usr/local/lpcxpresso_4.3.0_1025/lpcxpresso/tools/bin/../lib/gcc/arm-none-eabi/4.5.1/../../../../arm-none-eabi/lib/thumb2/libcr_nohost.a(__sys_seek.o)
                0x00008bd0                __sys_seek
 .text.__sys_tmpnam
                0x00008bd6        0x6 /usr/local/lpcxpresso_4.3.0_1025/lpcxpresso/tools/bin/../lib/gcc/arm-none-eabi/4.5.1/../../../../arm-none-eabi/lib/thumb2/libcr_nohost.a(__sys_tmpnam.o)
                0x00008bd6                __sys_tmpnam
 .text.__sys_write
                0x00008bdc        0x4 /usr/local/lpcxpresso_4.3.0_1025/lpcxpresso/tools/bin/../lib/gcc/arm-none-eabi/4.5.1/../../../../arm-none-eabi/lib/thumb2/libcr_nohost.a(__sys_write.o)
                0x00008bdc                __write
                0x00008bdc                __sys_write
 .text._sbrk    0x00008be0       0x40 /usr/local/lpcxpresso_4.3.0_1025/lpcxpresso/tools/bin/../lib/gcc/arm-none-eabi/4.5.1/../../../../arm-none-eabi/lib/thumb2/libcr_nohost.a(_cr_sbrk.o)
                0x00008be0                _sbrk
 .text.__check_heap_overflow
                0x00008c20       0x2c /usr/local/lpcxpresso_4.3.0_1025/lpcxpresso/tools/bin/../lib/gcc/arm-none-eabi/4.5.1/../../../../arm-none-eabi/lib/thumb2/libcr_nohost.a(_cr_check_heap.o)
                0x00008c20                __check_heap_overflow
 *(.rodata .rodata.*)
 .rodata        0x00008c4c      0x174 ./Source/main.o
 .rodata.xRunTimeStats
                0x00008dc0       0x10 ./Source/main.o
 .rodata.xTaskStats
                0x00008dd0       0x10 ./Source/main.o
 .rodata        0x00008de0        0x8 ./Source/printf-stdarg.o
 .rodata.xIRQ   0x00008de8        0x4 ./Source/FreeRTOS-Products/FreeRTOS-Plus-IO/Device/LPC17xx/FreeRTOS_lpc17xx_i2c.o
 .rodata.xIRQ   0x00008dec        0x4 ./Source/FreeRTOS-Products/FreeRTOS-Plus-IO/Device/LPC17xx/FreeRTOS_lpc17xx_uart.o
 .rodata        0x00008df0       0x20 ./Source/FreeRTOS-Products/FreeRTOS-Plus-IO/Common/FreeRTOS_DriverInterface.o
 .rodata.xAvailablePeripherals
                0x00008e10       0x30 ./Source/FreeRTOS-Products/FreeRTOS-Plus-IO/Common/FreeRTOS_DriverInterface.o
 .rodata        0x00008e40       0xdc ./Source/FreeRTOS-Products/FreeRTOS-Plus-CLI/FreeRTOS_CLI.o
 .rodata.xHelpCommand
                0x00008f1c       0x10 ./Source/FreeRTOS-Products/FreeRTOS-Plus-CLI/FreeRTOS_CLI.o
 .rodata        0x00008f2c       0x50 ./Source/FreeRTOS-Products/FreeRTOS/tasks.o
 .rodata.ucExpectedStackBytes.1776
                0x00008f7c       0x14 ./Source/FreeRTOS-Products/FreeRTOS/tasks.o
 .rodata        0x00008f90        0x8 ./Source/FreeRTOS-Products/FreeRTOS/timers.o
 .rodata.heapSTRUCT_SIZE
                0x00008f98        0x2 ./Source/FreeRTOS-Products/FreeRTOS/portable/MemMang/heap_2.o
 *fill*         0x00008f9a        0x2 00
 .rodata        0x00008f9c       0x60 ./Source/Examples/UART/MY_UART.o
 .rodata        0x00008ffc       0x68 ./Source/Examples/UART/UART-interrupt-driven-command-console.o
 .rodata.pcWelcomeMessage
                0x00009064        0x4 ./Source/Examples/UART/UART-interrupt-driven-command-console.o
 .rodata.pcNewLine
                0x00009068        0x4 ./Source/Examples/UART/UART-interrupt-driven-command-console.o
 .rodata        0x0000906c       0x34 ./Source/Examples/LCD/lcd.o
 .rodata        0x000090a0       0x24 ./Source/Examples/I2C/I2C-coordinator.o
 .rodata.ucLEDPorts
                0x000090c4        0x4 ./Source/Examples/GPIO/GPIO-output-and-software-timers.o
                0x000090c4                ucLEDPorts
 .rodata        0x000090c8        0x8 ./Source/Examples/GPIO/GPIO-output-and-software-timers.o
 .rodata        0x000090d0       0x18 /root/Documents/test31jan/FINALPROJECT/lpc17xx.cmsis.driver.library/Debug/liblpc17xx.cmsis.driver.library.a(lpc17xx_i2c.o)
 .rodata        0x000090e8       0x1c /root/Documents/test31jan/FINALPROJECT/lpc17xx.cmsis.driver.library/Debug/liblpc17xx.cmsis.driver.library.a(lpc17xx_uart.o)
 .rodata.str1.1
                0x00009104        0x4 /usr/local/lpcxpresso_4.3.0_1025/lpcxpresso/tools/bin/../lib/gcc/arm-none-eabi/4.5.1/../../../../arm-none-eabi/lib/thumb2/libcr_c.a(initio.o)
 .rodata.str1.1
                0x00009108       0x18 /usr/local/lpcxpresso_4.3.0_1025/lpcxpresso/tools/bin/../lib/gcc/arm-none-eabi/4.5.1/../../../../arm-none-eabi/lib/thumb2/libcr_c.a(alloc.o)
                0x00009120                . = ALIGN (0x4)

.glue_7         0x00009120        0x0
 .glue_7        0x00000000        0x0 linker stubs

.glue_7t        0x00009120        0x0
 .glue_7t       0x00000000        0x0 linker stubs

.vfp11_veneer   0x00009120        0x0
 .vfp11_veneer  0x00000000        0x0 linker stubs

.v4_bx          0x00009120        0x0
 .v4_bx         0x00000000        0x0 linker stubs

.ARM.extab
 *(.ARM.extab* .gnu.linkonce.armextab.*)
                0x00009120                __exidx_start = .

.ARM.exidx
 *(.ARM.exidx* .gnu.linkonce.armexidx.*)
                0x00009120                __exidx_end = .
                0x00009120                _etext = .

.data_RAM2      0x2007c000        0x0 load address 0x00009120
 FILL mask 0xff
 *(.data.$RAM2*)
 *(.data.$RamAHB32*)
                0x2007c000                . = ALIGN (0x4)

.uninit_RESERVED
                0x10000000        0x0
 *(.bss.$RESERVED*)
                0x10000000                . = ALIGN (0x4)
                0x10000000                _end_uninit_RESERVED = .

.data           0x10000000       0x28 load address 0x00009120
 FILL mask 0xff
                0x10000000                _data = .
 *(vtable)
 *(.data*)
 .data.xRegisteredCommands
                0x10000000        0x8 ./Source/FreeRTOS-Products/FreeRTOS-Plus-CLI/FreeRTOS_CLI.o
 .data.pxLastCommandInList.1284
                0x10000008        0x4 ./Source/FreeRTOS-Products/FreeRTOS-Plus-CLI/FreeRTOS_CLI.o
 .data.xNextTaskUnblockTime
                0x1000000c        0x4 ./Source/FreeRTOS-Products/FreeRTOS/tasks.o
 .data.xFreeBytesRemaining
                0x10000010        0x4 ./Source/FreeRTOS-Products/FreeRTOS/portable/MemMang/heap_2.o
 .data.uxCriticalNesting
                0x10000014        0x4 ./Source/FreeRTOS-Products/FreeRTOS/portable/GCC/ARM_CM3/port.o
 .data.ulLEDBits
                0x10000018        0x8 ./Source/Examples/GPIO/GPIO-output-and-software-timers.o
                0x10000018                ulLEDBits
 .data.ucState.2805
                0x10000020        0x1 ./Source/Examples/GPIO/GPIO-output-and-software-timers.o
 *fill*         0x10000021        0x3 00
 .data.SystemCoreClock
                0x10000024        0x4 /root/Documents/test31jan/FINALPROJECT/CMSISv2p00_LPC17xx/Debug/libCMSISv2p00_LPC17xx.a(system_LPC17xx.o)
                0x10000024                SystemCoreClock
                0x10000028                . = ALIGN (0x4)
                0x10000028                _edata = .

.bss_RAM2       0x2007c000        0x0
 *(.bss.$RAM2*)
 *(.bss.$RamAHB32*)
                0x2007c000                . = ALIGN (0x4)

.bss            0x10000028     0x4468
                0x10000028                _bss = .
 *(.bss*)
 .bss.ulClocksPer10thOfAMilliSecond
                0x10000028        0x4 ./Source/main.o
 .bss.xqueue    0x1000002c        0x4 ./Source/main.o
 .bss.pxTxTransferControlStructs
                0x10000030        0xc ./Source/FreeRTOS-Products/FreeRTOS-Plus-IO/Device/LPC17xx/FreeRTOS_lpc17xx_i2c.o
 .bss.pxRxTransferControlStructs
                0x1000003c        0xc ./Source/FreeRTOS-Products/FreeRTOS-Plus-IO/Device/LPC17xx/FreeRTOS_lpc17xx_i2c.o
 .bss.ucSlaveAddresses
                0x10000048        0x4 ./Source/FreeRTOS-Products/FreeRTOS-Plus-IO/Device/LPC17xx/FreeRTOS_lpc17xx_i2c.o
 .bss.xDataDirection
                0x1000004c        0x4 ./Source/FreeRTOS-Products/FreeRTOS-Plus-IO/Device/LPC17xx/FreeRTOS_lpc17xx_i2c.o
 .bss.xBytesOutstanding
                0x10000050        0xc ./Source/FreeRTOS-Products/FreeRTOS-Plus-IO/Device/LPC17xx/FreeRTOS_lpc17xx_i2c.o
 .bss.pxTxTransferControlStructs
                0x1000005c       0x10 ./Source/FreeRTOS-Products/FreeRTOS-Plus-IO/Device/LPC17xx/FreeRTOS_lpc17xx_uart.o
 .bss.pxRxTransferControlStructs
                0x1000006c       0x10 ./Source/FreeRTOS-Products/FreeRTOS-Plus-IO/Device/LPC17xx/FreeRTOS_lpc17xx_uart.o
 .bss.cOutputBuffer
                0x1000007c      0x400 ./Source/FreeRTOS-Products/FreeRTOS-Plus-CLI/FreeRTOS_CLI.o
 .bss.pxCommand.1327
                0x1000047c        0x4 ./Source/FreeRTOS-Products/FreeRTOS-Plus-CLI/FreeRTOS_CLI.o
 .bss.pxCommand.1294
                0x10000480        0x4 ./Source/FreeRTOS-Products/FreeRTOS-Plus-CLI/FreeRTOS_CLI.o
 .bss.pxCurrentTCB
                0x10000484        0x4 ./Source/FreeRTOS-Products/FreeRTOS/tasks.o
                0x10000484                pxCurrentTCB
 .bss.pxReadyTasksLists
                0x10000488       0x8c ./Source/FreeRTOS-Products/FreeRTOS/tasks.o
 .bss.xDelayedTaskList1
                0x10000514       0x14 ./Source/FreeRTOS-Products/FreeRTOS/tasks.o
 .bss.xDelayedTaskList2
                0x10000528       0x14 ./Source/FreeRTOS-Products/FreeRTOS/tasks.o
 .bss.pxDelayedTaskList
                0x1000053c        0x4 ./Source/FreeRTOS-Products/FreeRTOS/tasks.o
 .bss.pxOverflowDelayedTaskList
                0x10000540        0x4 ./Source/FreeRTOS-Products/FreeRTOS/tasks.o
 .bss.xPendingReadyList
                0x10000544       0x14 ./Source/FreeRTOS-Products/FreeRTOS/tasks.o
 .bss.xTasksWaitingTermination
                0x10000558       0x14 ./Source/FreeRTOS-Products/FreeRTOS/tasks.o
 .bss.uxTasksDeleted
                0x1000056c        0x4 ./Source/FreeRTOS-Products/FreeRTOS/tasks.o
 .bss.xSuspendedTaskList
                0x10000570       0x14 ./Source/FreeRTOS-Products/FreeRTOS/tasks.o
 .bss.uxCurrentNumberOfTasks
                0x10000584        0x4 ./Source/FreeRTOS-Products/FreeRTOS/tasks.o
 .bss.xTickCount
                0x10000588        0x4 ./Source/FreeRTOS-Products/FreeRTOS/tasks.o
 .bss.uxTopUsedPriority
                0x1000058c        0x4 ./Source/FreeRTOS-Products/FreeRTOS/tasks.o
 .bss.uxTopReadyPriority
                0x10000590        0x4 ./Source/FreeRTOS-Products/FreeRTOS/tasks.o
 .bss.xSchedulerRunning
                0x10000594        0x4 ./Source/FreeRTOS-Products/FreeRTOS/tasks.o
 .bss.uxSchedulerSuspended
                0x10000598        0x4 ./Source/FreeRTOS-Products/FreeRTOS/tasks.o
 .bss.uxMissedTicks
                0x1000059c        0x4 ./Source/FreeRTOS-Products/FreeRTOS/tasks.o
 .bss.xMissedYield
                0x100005a0        0x4 ./Source/FreeRTOS-Products/FreeRTOS/tasks.o
 .bss.xNumOfOverflows
                0x100005a4        0x4 ./Source/FreeRTOS-Products/FreeRTOS/tasks.o
 .bss.uxTCBNumber
                0x100005a8        0x4 ./Source/FreeRTOS-Products/FreeRTOS/tasks.o
 .bss.pcStatsString
                0x100005ac       0x34 ./Source/FreeRTOS-Products/FreeRTOS/tasks.o
 .bss.ulTaskSwitchedInTime
                0x100005e0        0x4 ./Source/FreeRTOS-Products/FreeRTOS/tasks.o
 .bss.pcStatusString.1863
                0x100005e4       0x34 ./Source/FreeRTOS-Products/FreeRTOS/tasks.o
 .bss.xActiveTimerList1
                0x10000618       0x14 ./Source/FreeRTOS-Products/FreeRTOS/timers.o
 .bss.xActiveTimerList2
                0x1000062c       0x14 ./Source/FreeRTOS-Products/FreeRTOS/timers.o
 .bss.pxCurrentTimerList
                0x10000640        0x4 ./Source/FreeRTOS-Products/FreeRTOS/timers.o
 .bss.pxOverflowTimerList
                0x10000644        0x4 ./Source/FreeRTOS-Products/FreeRTOS/timers.o
 .bss.xTimerQueue
                0x10000648        0x4 ./Source/FreeRTOS-Products/FreeRTOS/timers.o
 .bss.xLastTime.1368
                0x1000064c        0x4 ./Source/FreeRTOS-Products/FreeRTOS/timers.o
 .bss.xHeap     0x10000650     0x3c00 ./Source/FreeRTOS-Products/FreeRTOS/portable/MemMang/heap_2.o
 .bss.xStart    0x10004250        0x8 ./Source/FreeRTOS-Products/FreeRTOS/portable/MemMang/heap_2.o
 .bss.xEnd      0x10004258        0x8 ./Source/FreeRTOS-Products/FreeRTOS/portable/MemMang/heap_2.o
 .bss.xHeapHasBeenInitialised.1319
                0x10004260        0x4 ./Source/FreeRTOS-Products/FreeRTOS/portable/MemMang/heap_2.o
 .bss.xUARTTask
                0x10004264        0x4 ./Source/Examples/UART/MY_UART.o
 .bss.xCommandConsoleTask
                0x10004268        0x4 ./Source/Examples/UART/UART-interrupt-driven-command-console.o
 .bss.cInputString.2842
                0x1000426c       0x14 ./Source/Examples/UART/UART-interrupt-driven-command-console.o
 .bss.xlcdtask  0x10004280        0x4 ./Source/Examples/LCD/lcd.o
                0x10004280                xlcdtask
 .bss.ucDataBuffer
                0x10004284       0x44 ./Source/Examples/I2C/I2C-to-and-from-EEPROM.o
 .bss.ucByte.2934
                0x100042c8        0x1 ./Source/Examples/I2C/I2C-to-and-from-EEPROM.o
 .bss.ucValue.2935
                0x100042c9        0x1 ./Source/Examples/I2C/I2C-to-and-from-EEPROM.o
 *fill*         0x100042ca        0x2 00
 .bss.xGPIOTimer
                0x100042cc        0x4 ./Source/Examples/GPIO/GPIO-output-and-software-timers.o
 .bss.ucLED.2804
                0x100042d0        0x1 ./Source/Examples/GPIO/GPIO-output-and-software-timers.o
 *fill*         0x100042d1        0x3 00
 .bss.i2cdat    0x100042d4       0x18 /root/Documents/test31jan/FINALPROJECT/lpc17xx.cmsis.driver.library/Debug/liblpc17xx.cmsis.driver.library.a(lpc17xx_i2c.o)
 .bss.errno     0x100042ec        0x4 /usr/local/lpcxpresso_4.3.0_1025/lpcxpresso/tools/bin/../lib/gcc/arm-none-eabi/4.5.1/../../../../arm-none-eabi/lib/thumb2/libcr_c.a(errno.o)
                0x100042ec                errno
 *(COMMON)
 COMMON         0x100042f0       0x50 ./Source/FreeRTOS-Products/FreeRTOS/queue.o
                0x100042f0                xQueueRegistry
 COMMON         0x10004340        0x4 ./Source/Examples/I2C/I2C-coordinator.o
                0x10004340                xHandle
 COMMON         0x10004344        0x4 /usr/local/lpcxpresso_4.3.0_1025/lpcxpresso/tools/bin/../lib/gcc/arm-none-eabi/4.5.1/../../../../arm-none-eabi/lib/thumb2/libcr_c.a(initio.o)
                0x10004344                _extra
 COMMON         0x10004348      0x140 /usr/local/lpcxpresso_4.3.0_1025/lpcxpresso/tools/bin/../lib/gcc/arm-none-eabi/4.5.1/../../../../arm-none-eabi/lib/thumb2/libcr_c.a(stdio.o)
                0x10004348                __Ciob
 COMMON         0x10004488        0x8 /usr/local/lpcxpresso_4.3.0_1025/lpcxpresso/tools/bin/../lib/gcc/arm-none-eabi/4.5.1/../../../../arm-none-eabi/lib/thumb2/libcr_c.a(__init_alloc.o)
                0x10004488                __heaps
                0x1000448c                __end_of_heap
                0x10004490                . = ALIGN (0x4)
                0x10004490                _ebss = .
                0x10004490                PROVIDE (end, .)
                0x10004490                PROVIDE (_pvHeapStart, .)
                0x10008000                PROVIDE (_vStackTop, (__top_RamLoc32 - 0x0))
OUTPUT(FreeRTOS-Plus-Demo-1.axf elf32-littlearm)

.debug_abbrev   0x00000000     0x2aa6
 .debug_abbrev  0x00000000      0x125 ./Source/cr_startup_lpc176x.o
 .debug_abbrev  0x00000125      0x1ce ./Source/main.o
 .debug_abbrev  0x000002f3      0x142 ./Source/printf-stdarg.o
 .debug_abbrev  0x00000435       0xd4 ./Source/FreeRTOS-Products/FreeRTOS-Plus-IO/Device/LPC17xx/FreeRTOS_lpc17xx_DriverInterface.o
 .debug_abbrev  0x00000509      0x202 ./Source/FreeRTOS-Products/FreeRTOS-Plus-IO/Device/LPC17xx/FreeRTOS_lpc17xx_i2c.o
 .debug_abbrev  0x0000070b      0x112 ./Source/FreeRTOS-Products/FreeRTOS-Plus-IO/Device/LPC17xx/FreeRTOS_lpc17xx_lcd.o
 .debug_abbrev  0x0000081d      0x254 ./Source/FreeRTOS-Products/FreeRTOS-Plus-IO/Device/LPC17xx/FreeRTOS_lpc17xx_uart.o
 .debug_abbrev  0x00000a71      0x166 ./Source/FreeRTOS-Products/FreeRTOS-Plus-IO/Common/FreeRTOS_DriverInterface.o
 .debug_abbrev  0x00000bd7       0xb2 ./Source/FreeRTOS-Products/FreeRTOS-Plus-IO/Common/FreeRTOS_IOUtils.o
 .debug_abbrev  0x00000c89      0x100 ./Source/FreeRTOS-Products/FreeRTOS-Plus-IO/Common/IOUtils_CharQueueTxAndRx.o
 .debug_abbrev  0x00000d89      0x100 ./Source/FreeRTOS-Products/FreeRTOS-Plus-IO/Common/IOUtils_CircularBufferRx.o
 .debug_abbrev  0x00000e89       0xeb ./Source/FreeRTOS-Products/FreeRTOS-Plus-IO/Common/IOUtils_ZeroCopyTx.o
 .debug_abbrev  0x00000f74      0x110 ./Source/FreeRTOS-Products/FreeRTOS-Plus-CLI/FreeRTOS_CLI.o
 .debug_abbrev  0x00001084      0x18a ./Source/FreeRTOS-Products/FreeRTOS/croutine.o
 .debug_abbrev  0x0000120e       0xba ./Source/FreeRTOS-Products/FreeRTOS/list.o
 .debug_abbrev  0x000012c8      0x139 ./Source/FreeRTOS-Products/FreeRTOS/queue.o
 .debug_abbrev  0x00001401      0x184 ./Source/FreeRTOS-Products/FreeRTOS/tasks.o
 .debug_abbrev  0x00001585      0x134 ./Source/FreeRTOS-Products/FreeRTOS/timers.o
 .debug_abbrev  0x000016b9      0x171 ./Source/FreeRTOS-Products/FreeRTOS/portable/MemMang/heap_2.o
 .debug_abbrev  0x0000182a      0x135 ./Source/FreeRTOS-Products/FreeRTOS/portable/GCC/ARM_CM3/port.o
 .debug_abbrev  0x0000195f      0x10c ./Source/Examples/UART/MY_UART.o
 .debug_abbrev  0x00001a6b      0x10f ./Source/Examples/UART/UART-interrupt-driven-command-console.o
 .debug_abbrev  0x00001b7a      0x132 ./Source/Examples/UART/UART-operation-modes-test.o
 .debug_abbrev  0x00001cac      0x140 ./Source/Examples/LCD/lcd.o
 .debug_abbrev  0x00001dec       0xdb ./Source/Examples/I2C/I2C-coordinator.o
 .debug_abbrev  0x00001ec7      0x139 ./Source/Examples/I2C/I2C-to-and-from-EEPROM.o
 .debug_abbrev  0x00002000       0xee ./Source/Examples/GPIO/GPIO-output-and-software-timers.o
 .debug_abbrev  0x000020ee      0x1cb /root/Documents/test31jan/FINALPROJECT/lpc17xx.cmsis.driver.library/Debug/liblpc17xx.cmsis.driver.library.a(lpc17xx_gpio.o)
 .debug_abbrev  0x000022b9      0x21a /root/Documents/test31jan/FINALPROJECT/lpc17xx.cmsis.driver.library/Debug/liblpc17xx.cmsis.driver.library.a(lpc17xx_i2c.o)
 .debug_abbrev  0x000024d3       0x6a /root/Documents/test31jan/FINALPROJECT/lpc17xx.cmsis.driver.library/Debug/liblpc17xx.cmsis.driver.library.a(lpc17xx_libcfg_default.o)
 .debug_abbrev  0x0000253d      0x11f /root/Documents/test31jan/FINALPROJECT/lpc17xx.cmsis.driver.library/Debug/liblpc17xx.cmsis.driver.library.a(lpc17xx_pinsel.o)
 .debug_abbrev  0x0000265c      0x1d0 /root/Documents/test31jan/FINALPROJECT/lpc17xx.cmsis.driver.library/Debug/liblpc17xx.cmsis.driver.library.a(lpc17xx_uart.o)
 .debug_abbrev  0x0000282c      0x197 /root/Documents/test31jan/FINALPROJECT/lpc17xx.cmsis.driver.library/Debug/liblpc17xx.cmsis.driver.library.a(lpc17xx_clkpwr.o)
 .debug_abbrev  0x000029c3       0xe3 /root/Documents/test31jan/FINALPROJECT/CMSISv2p00_LPC17xx/Debug/libCMSISv2p00_LPC17xx.a(system_LPC17xx.o)

.debug_info     0x00000000     0xdcac
 .debug_info    0x00000000      0x391 ./Source/cr_startup_lpc176x.o
 .debug_info    0x00000391      0x599 ./Source/main.o
 .debug_info    0x0000092a      0x3e0 ./Source/printf-stdarg.o
 .debug_info    0x00000d0a      0x2e0 ./Source/FreeRTOS-Products/FreeRTOS-Plus-IO/Device/LPC17xx/FreeRTOS_lpc17xx_DriverInterface.o
 .debug_info    0x00000fea      0xf7b ./Source/FreeRTOS-Products/FreeRTOS-Plus-IO/Device/LPC17xx/FreeRTOS_lpc17xx_i2c.o
 .debug_info    0x00001f65      0x447 ./Source/FreeRTOS-Products/FreeRTOS-Plus-IO/Device/LPC17xx/FreeRTOS_lpc17xx_lcd.o
 .debug_info    0x000023ac     0x14b4 ./Source/FreeRTOS-Products/FreeRTOS-Plus-IO/Device/LPC17xx/FreeRTOS_lpc17xx_uart.o
 .debug_info    0x00003860      0x8d0 ./Source/FreeRTOS-Products/FreeRTOS-Plus-IO/Common/FreeRTOS_DriverInterface.o
 .debug_info    0x00004130      0x29e ./Source/FreeRTOS-Products/FreeRTOS-Plus-IO/Common/FreeRTOS_IOUtils.o
 .debug_info    0x000043ce      0x614 ./Source/FreeRTOS-Products/FreeRTOS-Plus-IO/Common/IOUtils_CharQueueTxAndRx.o
 .debug_info    0x000049e2      0x4c1 ./Source/FreeRTOS-Products/FreeRTOS-Plus-IO/Common/IOUtils_CircularBufferRx.o
 .debug_info    0x00004ea3      0x423 ./Source/FreeRTOS-Products/FreeRTOS-Plus-IO/Common/IOUtils_ZeroCopyTx.o
 .debug_info    0x000052c6      0x3ce ./Source/FreeRTOS-Products/FreeRTOS-Plus-CLI/FreeRTOS_CLI.o
 .debug_info    0x00005694      0x4da ./Source/FreeRTOS-Products/FreeRTOS/croutine.o
 .debug_info    0x00005b6e      0x2ae ./Source/FreeRTOS-Products/FreeRTOS/list.o
 .debug_info    0x00005e1c      0xa68 ./Source/FreeRTOS-Products/FreeRTOS/queue.o
 .debug_info    0x00006884     0x11d9 ./Source/FreeRTOS-Products/FreeRTOS/tasks.o
 .debug_info    0x00007a5d      0x758 ./Source/FreeRTOS-Products/FreeRTOS/timers.o
 .debug_info    0x000081b5      0x2cc ./Source/FreeRTOS-Products/FreeRTOS/portable/MemMang/heap_2.o
 .debug_info    0x00008481      0x227 ./Source/FreeRTOS-Products/FreeRTOS/portable/GCC/ARM_CM3/port.o
 .debug_info    0x000086a8      0x3af ./Source/Examples/UART/MY_UART.o
 .debug_info    0x00008a57      0x3b2 ./Source/Examples/UART/UART-interrupt-driven-command-console.o
 .debug_info    0x00008e09      0x4a2 ./Source/Examples/UART/UART-operation-modes-test.o
 .debug_info    0x000092ab      0x37f ./Source/Examples/LCD/lcd.o
 .debug_info    0x0000962a      0x1ce ./Source/Examples/I2C/I2C-coordinator.o
 .debug_info    0x000097f8      0x431 ./Source/Examples/I2C/I2C-to-and-from-EEPROM.o
 .debug_info    0x00009c29      0x1d0 ./Source/Examples/GPIO/GPIO-output-and-software-timers.o
 .debug_info    0x00009df9      0xe30 /root/Documents/test31jan/FINALPROJECT/lpc17xx.cmsis.driver.library/Debug/liblpc17xx.cmsis.driver.library.a(lpc17xx_gpio.o)
 .debug_info    0x0000ac29      0xdba /root/Documents/test31jan/FINALPROJECT/lpc17xx.cmsis.driver.library/Debug/liblpc17xx.cmsis.driver.library.a(lpc17xx_i2c.o)
 .debug_info    0x0000b9e3       0xd4 /root/Documents/test31jan/FINALPROJECT/lpc17xx.cmsis.driver.library/Debug/liblpc17xx.cmsis.driver.library.a(lpc17xx_libcfg_default.o)
 .debug_info    0x0000bab7      0x4b9 /root/Documents/test31jan/FINALPROJECT/lpc17xx.cmsis.driver.library/Debug/liblpc17xx.cmsis.driver.library.a(lpc17xx_pinsel.o)
 .debug_info    0x0000bf70     0x12d6 /root/Documents/test31jan/FINALPROJECT/lpc17xx.cmsis.driver.library/Debug/liblpc17xx.cmsis.driver.library.a(lpc17xx_uart.o)
 .debug_info    0x0000d246      0x6d7 /root/Documents/test31jan/FINALPROJECT/lpc17xx.cmsis.driver.library/Debug/liblpc17xx.cmsis.driver.library.a(lpc17xx_clkpwr.o)
 .debug_info    0x0000d91d      0x38f /root/Documents/test31jan/FINALPROJECT/CMSISv2p00_LPC17xx/Debug/libCMSISv2p00_LPC17xx.a(system_LPC17xx.o)

.debug_line     0x00000000     0xfc0a
 .debug_line    0x00000000      0x406 ./Source/cr_startup_lpc176x.o
 .debug_line    0x00000406      0x7e9 ./Source/main.o
 .debug_line    0x00000bef      0x47e ./Source/printf-stdarg.o
 .debug_line    0x0000106d      0x5bf ./Source/FreeRTOS-Products/FreeRTOS-Plus-IO/Device/LPC17xx/FreeRTOS_lpc17xx_DriverInterface.o
 .debug_line    0x0000162c      0xa68 ./Source/FreeRTOS-Products/FreeRTOS-Plus-IO/Device/LPC17xx/FreeRTOS_lpc17xx_i2c.o
 .debug_line    0x00002094      0x8fc ./Source/FreeRTOS-Products/FreeRTOS-Plus-IO/Device/LPC17xx/FreeRTOS_lpc17xx_lcd.o
 .debug_line    0x00002990      0xb47 ./Source/FreeRTOS-Products/FreeRTOS-Plus-IO/Device/LPC17xx/FreeRTOS_lpc17xx_uart.o
 .debug_line    0x000034d7      0x870 ./Source/FreeRTOS-Products/FreeRTOS-Plus-IO/Common/FreeRTOS_DriverInterface.o
 .debug_line    0x00003d47      0x60c ./Source/FreeRTOS-Products/FreeRTOS-Plus-IO/Common/FreeRTOS_IOUtils.o
 .debug_line    0x00004353      0x6db ./Source/FreeRTOS-Products/FreeRTOS-Plus-IO/Common/IOUtils_CharQueueTxAndRx.o
 .debug_line    0x00004a2e      0x69c ./Source/FreeRTOS-Products/FreeRTOS-Plus-IO/Common/IOUtils_CircularBufferRx.o
 .debug_line    0x000050ca      0x65c ./Source/FreeRTOS-Products/FreeRTOS-Plus-IO/Common/IOUtils_ZeroCopyTx.o
 .debug_line    0x00005726      0x5f2 ./Source/FreeRTOS-Products/FreeRTOS-Plus-CLI/FreeRTOS_CLI.o
 .debug_line    0x00005d18      0x5f8 ./Source/FreeRTOS-Products/FreeRTOS/croutine.o
 .debug_line    0x00006310      0x537 ./Source/FreeRTOS-Products/FreeRTOS/list.o
 .debug_line    0x00006847      0x96d ./Source/FreeRTOS-Products/FreeRTOS/queue.o
 .debug_line    0x000071b4      0xcc1 ./Source/FreeRTOS-Products/FreeRTOS/tasks.o
 .debug_line    0x00007e75      0x6b9 ./Source/FreeRTOS-Products/FreeRTOS/timers.o
 .debug_line    0x0000852e      0x579 ./Source/FreeRTOS-Products/FreeRTOS/portable/MemMang/heap_2.o
 .debug_line    0x00008aa7      0x596 ./Source/FreeRTOS-Products/FreeRTOS/portable/GCC/ARM_CM3/port.o
 .debug_line    0x0000903d      0x764 ./Source/Examples/UART/MY_UART.o
 .debug_line    0x000097a1      0x893 ./Source/Examples/UART/UART-interrupt-driven-command-console.o
 .debug_line    0x0000a034      0x93b ./Source/Examples/UART/UART-operation-modes-test.o
 .debug_line    0x0000a96f      0x758 ./Source/Examples/LCD/lcd.o
 .debug_line    0x0000b0c7      0x7e1 ./Source/Examples/I2C/I2C-coordinator.o
 .debug_line    0x0000b8a8      0x89b ./Source/Examples/I2C/I2C-to-and-from-EEPROM.o
 .debug_line    0x0000c143      0x7ee ./Source/Examples/GPIO/GPIO-output-and-software-timers.o
 .debug_line    0x0000c931      0x883 /root/Documents/test31jan/FINALPROJECT/lpc17xx.cmsis.driver.library/Debug/liblpc17xx.cmsis.driver.library.a(lpc17xx_gpio.o)
 .debug_line    0x0000d1b4      0xab4 /root/Documents/test31jan/FINALPROJECT/lpc17xx.cmsis.driver.library/Debug/liblpc17xx.cmsis.driver.library.a(lpc17xx_i2c.o)
 .debug_line    0x0000dc68      0x53a /root/Documents/test31jan/FINALPROJECT/lpc17xx.cmsis.driver.library/Debug/liblpc17xx.cmsis.driver.library.a(lpc17xx_libcfg_default.o)
 .debug_line    0x0000e1a2      0x4a5 /root/Documents/test31jan/FINALPROJECT/lpc17xx.cmsis.driver.library/Debug/liblpc17xx.cmsis.driver.library.a(lpc17xx_pinsel.o)
 .debug_line    0x0000e647      0xcca /root/Documents/test31jan/FINALPROJECT/lpc17xx.cmsis.driver.library/Debug/liblpc17xx.cmsis.driver.library.a(lpc17xx_uart.o)
 .debug_line    0x0000f311      0x50d /root/Documents/test31jan/FINALPROJECT/lpc17xx.cmsis.driver.library/Debug/liblpc17xx.cmsis.driver.library.a(lpc17xx_clkpwr.o)
 .debug_line    0x0000f81e      0x3ec /root/Documents/test31jan/FINALPROJECT/CMSISv2p00_LPC17xx/Debug/libCMSISv2p00_LPC17xx.a(system_LPC17xx.o)

.debug_macinfo  0x00000000   0x13f00f
 .debug_macinfo
                0x00000000     0x313f ./Source/cr_startup_lpc176x.o
 .debug_macinfo
                0x0000313f     0xaa2b ./Source/main.o
 .debug_macinfo
                0x0000db6a     0x17df ./Source/printf-stdarg.o
 .debug_macinfo
                0x0000f349     0x5b61 ./Source/FreeRTOS-Products/FreeRTOS-Plus-IO/Device/LPC17xx/FreeRTOS_lpc17xx_DriverInterface.o
 .debug_macinfo
                0x00014eaa     0xfd7a ./Source/FreeRTOS-Products/FreeRTOS-Plus-IO/Device/LPC17xx/FreeRTOS_lpc17xx_i2c.o
 .debug_macinfo
                0x00024c24     0xd6b4 ./Source/FreeRTOS-Products/FreeRTOS-Plus-IO/Device/LPC17xx/FreeRTOS_lpc17xx_lcd.o
 .debug_macinfo
                0x000322d8     0xfdc2 ./Source/FreeRTOS-Products/FreeRTOS-Plus-IO/Device/LPC17xx/FreeRTOS_lpc17xx_uart.o
 .debug_macinfo
                0x0004209a     0xf881 ./Source/FreeRTOS-Products/FreeRTOS-Plus-IO/Common/FreeRTOS_DriverInterface.o
 .debug_macinfo
                0x0005191b     0x845f ./Source/FreeRTOS-Products/FreeRTOS-Plus-IO/Common/FreeRTOS_IOUtils.o
 .debug_macinfo
                0x00059d7a     0x845b ./Source/FreeRTOS-Products/FreeRTOS-Plus-IO/Common/IOUtils_CharQueueTxAndRx.o
 .debug_macinfo
                0x000621d5     0x845b ./Source/FreeRTOS-Products/FreeRTOS-Plus-IO/Common/IOUtils_CircularBufferRx.o
 .debug_macinfo
                0x0006a630     0x845f ./Source/FreeRTOS-Products/FreeRTOS-Plus-IO/Common/IOUtils_ZeroCopyTx.o
 .debug_macinfo
                0x00072a8f     0x51bd ./Source/FreeRTOS-Products/FreeRTOS-Plus-CLI/FreeRTOS_CLI.o
 .debug_macinfo
                0x00077c4c     0x5895 ./Source/FreeRTOS-Products/FreeRTOS/croutine.o
 .debug_macinfo
                0x0007d4e1     0x4eb0 ./Source/FreeRTOS-Products/FreeRTOS/list.o
 .debug_macinfo
                0x00082391     0x560b ./Source/FreeRTOS-Products/FreeRTOS/queue.o
 .debug_macinfo
                0x0008799c     0x6306 ./Source/FreeRTOS-Products/FreeRTOS/tasks.o
 .debug_macinfo
                0x0008dca2     0x6018 ./Source/FreeRTOS-Products/FreeRTOS/timers.o
 .debug_macinfo
                0x00093cba     0x555e ./Source/FreeRTOS-Products/FreeRTOS/portable/MemMang/heap_2.o
 .debug_macinfo
                0x00099218     0x53c8 ./Source/FreeRTOS-Products/FreeRTOS/portable/GCC/ARM_CM3/port.o
 .debug_macinfo
                0x0009e5e0     0xdea5 ./Source/Examples/UART/MY_UART.o
 .debug_macinfo
                0x000ac485     0xdee0 ./Source/Examples/UART/UART-interrupt-driven-command-console.o
 .debug_macinfo
                0x000ba365     0xe01f ./Source/Examples/UART/UART-operation-modes-test.o
 .debug_macinfo
                0x000c8384     0xdef4 ./Source/Examples/LCD/lcd.o
 .debug_macinfo
                0x000d6278     0xe121 ./Source/Examples/I2C/I2C-coordinator.o
 .debug_macinfo
                0x000e4399     0xe18f ./Source/Examples/I2C/I2C-to-and-from-EEPROM.o
 .debug_macinfo
                0x000f2528     0xd6d5 ./Source/Examples/GPIO/GPIO-output-and-software-timers.o
 .debug_macinfo
                0x000ffbfd     0x9c89 /root/Documents/test31jan/FINALPROJECT/lpc17xx.cmsis.driver.library/Debug/liblpc17xx.cmsis.driver.library.a(lpc17xx_gpio.o)
 .debug_macinfo
                0x00109886     0xbb9d /root/Documents/test31jan/FINALPROJECT/lpc17xx.cmsis.driver.library/Debug/liblpc17xx.cmsis.driver.library.a(lpc17xx_i2c.o)
 .debug_macinfo
                0x00115423     0x54ab /root/Documents/test31jan/FINALPROJECT/lpc17xx.cmsis.driver.library/Debug/liblpc17xx.cmsis.driver.library.a(lpc17xx_libcfg_default.o)
 .debug_macinfo
                0x0011a8ce     0x7ced /root/Documents/test31jan/FINALPROJECT/lpc17xx.cmsis.driver.library/Debug/liblpc17xx.cmsis.driver.library.a(lpc17xx_pinsel.o)
 .debug_macinfo
                0x001225bb     0xc619 /root/Documents/test31jan/FINALPROJECT/lpc17xx.cmsis.driver.library/Debug/liblpc17xx.cmsis.driver.library.a(lpc17xx_uart.o)
 .debug_macinfo
                0x0012ebd4     0x8b10 /root/Documents/test31jan/FINALPROJECT/lpc17xx.cmsis.driver.library/Debug/liblpc17xx.cmsis.driver.library.a(lpc17xx_clkpwr.o)
 .debug_macinfo
                0x001376e4     0x792b /root/Documents/test31jan/FINALPROJECT/CMSISv2p00_LPC17xx/Debug/libCMSISv2p00_LPC17xx.a(system_LPC17xx.o)

.debug_loc      0x00000000     0x3fcf
 .debug_loc     0x00000000      0x2c4 ./Source/cr_startup_lpc176x.o
 .debug_loc     0x000002c4      0x19c ./Source/main.o
 .debug_loc     0x00000460      0x1e7 ./Source/printf-stdarg.o
 .debug_loc     0x00000647       0x38 ./Source/FreeRTOS-Products/FreeRTOS-Plus-IO/Device/LPC17xx/FreeRTOS_lpc17xx_DriverInterface.o
 .debug_loc     0x0000067f      0x1c4 ./Source/FreeRTOS-Products/FreeRTOS-Plus-IO/Device/LPC17xx/FreeRTOS_lpc17xx_i2c.o
 .debug_loc     0x00000843       0xe0 ./Source/FreeRTOS-Products/FreeRTOS-Plus-IO/Device/LPC17xx/FreeRTOS_lpc17xx_lcd.o
 .debug_loc     0x00000923      0x236 ./Source/FreeRTOS-Products/FreeRTOS-Plus-IO/Device/LPC17xx/FreeRTOS_lpc17xx_uart.o
 .debug_loc     0x00000b59       0x70 ./Source/FreeRTOS-Products/FreeRTOS-Plus-IO/Common/FreeRTOS_DriverInterface.o
 .debug_loc     0x00000bc9       0x38 ./Source/FreeRTOS-Products/FreeRTOS-Plus-IO/Common/FreeRTOS_IOUtils.o
 .debug_loc     0x00000c01      0x188 ./Source/FreeRTOS-Products/FreeRTOS-Plus-IO/Common/IOUtils_CharQueueTxAndRx.o
 .debug_loc     0x00000d89       0xe0 ./Source/FreeRTOS-Products/FreeRTOS-Plus-IO/Common/IOUtils_CircularBufferRx.o
 .debug_loc     0x00000e69       0xa8 ./Source/FreeRTOS-Products/FreeRTOS-Plus-IO/Common/IOUtils_ZeroCopyTx.o
 .debug_loc     0x00000f11      0x144 ./Source/FreeRTOS-Products/FreeRTOS-Plus-CLI/FreeRTOS_CLI.o
 .debug_loc     0x00001055      0x188 ./Source/FreeRTOS-Products/FreeRTOS/croutine.o
 .debug_loc     0x000011dd      0x118 ./Source/FreeRTOS-Products/FreeRTOS/list.o
 .debug_loc     0x000012f5      0x5b0 ./Source/FreeRTOS-Products/FreeRTOS/queue.o
 .debug_loc     0x000018a5      0x972 ./Source/FreeRTOS-Products/FreeRTOS/tasks.o
 .debug_loc     0x00002217      0x304 ./Source/FreeRTOS-Products/FreeRTOS/timers.o
 .debug_loc     0x0000251b       0xc8 ./Source/FreeRTOS-Products/FreeRTOS/portable/MemMang/heap_2.o
 .debug_loc     0x000025e3      0x178 ./Source/FreeRTOS-Products/FreeRTOS/portable/GCC/ARM_CM3/port.o
 .debug_loc     0x0000275b       0x70 ./Source/Examples/UART/MY_UART.o
 .debug_loc     0x000027cb       0x70 ./Source/Examples/UART/UART-interrupt-driven-command-console.o
 .debug_loc     0x0000283b       0xe0 ./Source/Examples/UART/UART-operation-modes-test.o
 .debug_loc     0x0000291b       0x72 ./Source/Examples/LCD/lcd.o
 .debug_loc     0x0000298d       0x70 ./Source/Examples/I2C/I2C-coordinator.o
 .debug_loc     0x000029fd       0xa8 ./Source/Examples/I2C/I2C-to-and-from-EEPROM.o
 .debug_loc     0x00002aa5       0x70 ./Source/Examples/GPIO/GPIO-output-and-software-timers.o
 .debug_loc     0x00002b15      0x620 /root/Documents/test31jan/FINALPROJECT/lpc17xx.cmsis.driver.library/Debug/liblpc17xx.cmsis.driver.library.a(lpc17xx_gpio.o)
 .debug_loc     0x00003135      0x508 /root/Documents/test31jan/FINALPROJECT/lpc17xx.cmsis.driver.library/Debug/liblpc17xx.cmsis.driver.library.a(lpc17xx_i2c.o)
 .debug_loc     0x0000363d       0x38 /root/Documents/test31jan/FINALPROJECT/lpc17xx.cmsis.driver.library/Debug/liblpc17xx.cmsis.driver.library.a(lpc17xx_libcfg_default.o)
 .debug_loc     0x00003675      0x150 /root/Documents/test31jan/FINALPROJECT/lpc17xx.cmsis.driver.library/Debug/liblpc17xx.cmsis.driver.library.a(lpc17xx_pinsel.o)
 .debug_loc     0x000037c5      0x65a /root/Documents/test31jan/FINALPROJECT/lpc17xx.cmsis.driver.library/Debug/liblpc17xx.cmsis.driver.library.a(lpc17xx_uart.o)
 .debug_loc     0x00003e1f      0x190 /root/Documents/test31jan/FINALPROJECT/lpc17xx.cmsis.driver.library/Debug/liblpc17xx.cmsis.driver.library.a(lpc17xx_clkpwr.o)
 .debug_loc     0x00003faf       0x20 /root/Documents/test31jan/FINALPROJECT/CMSISv2p00_LPC17xx/Debug/libCMSISv2p00_LPC17xx.a(system_LPC17xx.o)

.debug_pubnames
                0x00000000     0x1835
 .debug_pubnames
                0x00000000      0x13b ./Source/cr_startup_lpc176x.o
 .debug_pubnames
                0x0000013b       0xa6 ./Source/main.o
 .debug_pubnames
                0x000001e1       0x40 ./Source/printf-stdarg.o
 .debug_pubnames
                0x00000221       0x41 ./Source/FreeRTOS-Products/FreeRTOS-Plus-IO/Device/LPC17xx/FreeRTOS_lpc17xx_DriverInterface.o
 .debug_pubnames
                0x00000262       0x80 ./Source/FreeRTOS-Products/FreeRTOS-Plus-IO/Device/LPC17xx/FreeRTOS_lpc17xx_i2c.o
 .debug_pubnames
                0x000002e2       0x60 ./Source/FreeRTOS-Products/FreeRTOS-Plus-IO/Device/LPC17xx/FreeRTOS_lpc17xx_lcd.o
 .debug_pubnames
                0x00000342       0x9a ./Source/FreeRTOS-Products/FreeRTOS-Plus-IO/Device/LPC17xx/FreeRTOS_lpc17xx_uart.o
 .debug_pubnames
                0x000003dc       0x37 ./Source/FreeRTOS-Products/FreeRTOS-Plus-IO/Common/FreeRTOS_DriverInterface.o
 .debug_pubnames
                0x00000413       0x3d ./Source/FreeRTOS-Products/FreeRTOS-Plus-IO/Common/FreeRTOS_IOUtils.o
 .debug_pubnames
                0x00000450       0xee ./Source/FreeRTOS-Products/FreeRTOS-Plus-IO/Common/IOUtils_CharQueueTxAndRx.o
 .debug_pubnames
                0x0000053e       0xa7 ./Source/FreeRTOS-Products/FreeRTOS-Plus-IO/Common/IOUtils_CircularBufferRx.o
 .debug_pubnames
                0x000005e5       0x7a ./Source/FreeRTOS-Products/FreeRTOS-Plus-IO/Common/IOUtils_ZeroCopyTx.o
 .debug_pubnames
                0x0000065f       0x8e ./Source/FreeRTOS-Products/FreeRTOS-Plus-CLI/FreeRTOS_CLI.o
 .debug_pubnames
                0x000006ed       0x96 ./Source/FreeRTOS-Products/FreeRTOS/croutine.o
 .debug_pubnames
                0x00000783       0x71 ./Source/FreeRTOS-Products/FreeRTOS/list.o
 .debug_pubnames
                0x000007f4      0x231 ./Source/FreeRTOS-Products/FreeRTOS/queue.o
 .debug_pubnames
                0x00000a25      0x340 ./Source/FreeRTOS-Products/FreeRTOS/tasks.o
 .debug_pubnames
                0x00000d65       0x84 ./Source/FreeRTOS-Products/FreeRTOS/timers.o
 .debug_pubnames
                0x00000de9       0x64 ./Source/FreeRTOS-Products/FreeRTOS/portable/MemMang/heap_2.o
 .debug_pubnames
                0x00000e4d      0x104 ./Source/FreeRTOS-Products/FreeRTOS/portable/GCC/ARM_CM3/port.o
 .debug_pubnames
                0x00000f51       0x25 ./Source/Examples/UART/MY_UART.o
 .debug_pubnames
                0x00000f76       0x2f ./Source/Examples/UART/UART-interrupt-driven-command-console.o
 .debug_pubnames
                0x00000fa5       0x33 ./Source/Examples/UART/UART-operation-modes-test.o
 .debug_pubnames
                0x00000fd8       0x32 ./Source/Examples/LCD/lcd.o
 .debug_pubnames
                0x0000100a       0x30 ./Source/Examples/I2C/I2C-coordinator.o
 .debug_pubnames
                0x0000103a       0x26 ./Source/Examples/I2C/I2C-to-and-from-EEPROM.o
 .debug_pubnames
                0x00001060       0x4c ./Source/Examples/GPIO/GPIO-output-and-software-timers.o
 .debug_pubnames
                0x000010ac      0x203 /root/Documents/test31jan/FINALPROJECT/lpc17xx.cmsis.driver.library/Debug/liblpc17xx.cmsis.driver.library.a(lpc17xx_gpio.o)
 .debug_pubnames
                0x000012af      0x18f /root/Documents/test31jan/FINALPROJECT/lpc17xx.cmsis.driver.library/Debug/liblpc17xx.cmsis.driver.library.a(lpc17xx_i2c.o)
 .debug_pubnames
                0x0000143e       0x23 /root/Documents/test31jan/FINALPROJECT/lpc17xx.cmsis.driver.library/Debug/liblpc17xx.cmsis.driver.library.a(lpc17xx_libcfg_default.o)
 .debug_pubnames
                0x00001461       0x59 /root/Documents/test31jan/FINALPROJECT/lpc17xx.cmsis.driver.library/Debug/liblpc17xx.cmsis.driver.library.a(lpc17xx_pinsel.o)
 .debug_pubnames
                0x000014ba      0x271 /root/Documents/test31jan/FINALPROJECT/lpc17xx.cmsis.driver.library/Debug/liblpc17xx.cmsis.driver.library.a(lpc17xx_uart.o)
 .debug_pubnames
                0x0000172b       0xbb /root/Documents/test31jan/FINALPROJECT/lpc17xx.cmsis.driver.library/Debug/liblpc17xx.cmsis.driver.library.a(lpc17xx_clkpwr.o)
 .debug_pubnames
                0x000017e6       0x4f /root/Documents/test31jan/FINALPROJECT/CMSISv2p00_LPC17xx/Debug/libCMSISv2p00_LPC17xx.a(system_LPC17xx.o)

.debug_pubtypes
                0x00000000     0x265c
 .debug_pubtypes
                0x00000000       0x12 ./Source/cr_startup_lpc176x.o
 .debug_pubtypes
                0x00000012       0xd6 ./Source/main.o
 .debug_pubtypes
                0x000000e8       0x2c ./Source/printf-stdarg.o
 .debug_pubtypes
                0x00000114      0x164 ./Source/FreeRTOS-Products/FreeRTOS-Plus-IO/Device/LPC17xx/FreeRTOS_lpc17xx_DriverInterface.o
 .debug_pubtypes
                0x00000278      0x2c3 ./Source/FreeRTOS-Products/FreeRTOS-Plus-IO/Device/LPC17xx/FreeRTOS_lpc17xx_i2c.o
 .debug_pubtypes
                0x0000053b      0x170 ./Source/FreeRTOS-Products/FreeRTOS-Plus-IO/Device/LPC17xx/FreeRTOS_lpc17xx_lcd.o
 .debug_pubtypes
                0x000006ab      0x383 ./Source/FreeRTOS-Products/FreeRTOS-Plus-IO/Device/LPC17xx/FreeRTOS_lpc17xx_uart.o
 .debug_pubtypes
                0x00000a2e      0x1c0 ./Source/FreeRTOS-Products/FreeRTOS-Plus-IO/Common/FreeRTOS_DriverInterface.o
 .debug_pubtypes
                0x00000bee      0x137 ./Source/FreeRTOS-Products/FreeRTOS-Plus-IO/Common/FreeRTOS_IOUtils.o
 .debug_pubtypes
                0x00000d25      0x1ec ./Source/FreeRTOS-Products/FreeRTOS-Plus-IO/Common/IOUtils_CharQueueTxAndRx.o
 .debug_pubtypes
                0x00000f11      0x1e5 ./Source/FreeRTOS-Products/FreeRTOS-Plus-IO/Common/IOUtils_CircularBufferRx.o
 .debug_pubtypes
                0x000010f6      0x1d9 ./Source/FreeRTOS-Products/FreeRTOS-Plus-IO/Common/IOUtils_ZeroCopyTx.o
 .debug_pubtypes
                0x000012cf       0xa8 ./Source/FreeRTOS-Products/FreeRTOS-Plus-CLI/FreeRTOS_CLI.o
 .debug_pubtypes
                0x00001377       0xcd ./Source/FreeRTOS-Products/FreeRTOS/croutine.o
 .debug_pubtypes
                0x00001444       0x7a ./Source/FreeRTOS-Products/FreeRTOS/list.o
 .debug_pubtypes
                0x000014be      0x103 ./Source/FreeRTOS-Products/FreeRTOS/queue.o
 .debug_pubtypes
                0x000015c1      0x10c ./Source/FreeRTOS-Products/FreeRTOS/tasks.o
 .debug_pubtypes
                0x000016cd       0xfd ./Source/FreeRTOS-Products/FreeRTOS/timers.o
 .debug_pubtypes
                0x000017ca       0x4c ./Source/FreeRTOS-Products/FreeRTOS/portable/MemMang/heap_2.o
 .debug_pubtypes
                0x00001816       0x40 ./Source/FreeRTOS-Products/FreeRTOS/portable/GCC/ARM_CM3/port.o
 .debug_pubtypes
                0x00001856      0x1a2 ./Source/Examples/UART/MY_UART.o
 .debug_pubtypes
                0x000019f8      0x191 ./Source/Examples/UART/UART-interrupt-driven-command-console.o
 .debug_pubtypes
                0x00001b89      0x191 ./Source/Examples/UART/UART-operation-modes-test.o
 .debug_pubtypes
                0x00001d1a      0x180 ./Source/Examples/LCD/lcd.o
 .debug_pubtypes
                0x00001e9a       0x90 ./Source/Examples/I2C/I2C-coordinator.o
 .debug_pubtypes
                0x00001f2a      0x181 ./Source/Examples/I2C/I2C-to-and-from-EEPROM.o
 .debug_pubtypes
                0x000020ab       0x64 ./Source/Examples/GPIO/GPIO-output-and-software-timers.o
 .debug_pubtypes
                0x0000210f       0xb5 /root/Documents/test31jan/FINALPROJECT/lpc17xx.cmsis.driver.library/Debug/liblpc17xx.cmsis.driver.library.a(lpc17xx_gpio.o)
 .debug_pubtypes
                0x000021c4      0x113 /root/Documents/test31jan/FINALPROJECT/lpc17xx.cmsis.driver.library/Debug/liblpc17xx.cmsis.driver.library.a(lpc17xx_i2c.o)
 .debug_pubtypes
                0x000022d7       0x2b /root/Documents/test31jan/FINALPROJECT/lpc17xx.cmsis.driver.library/Debug/liblpc17xx.cmsis.driver.library.a(lpc17xx_libcfg_default.o)
 .debug_pubtypes
                0x00002302       0x76 /root/Documents/test31jan/FINALPROJECT/lpc17xx.cmsis.driver.library/Debug/liblpc17xx.cmsis.driver.library.a(lpc17xx_pinsel.o)
 .debug_pubtypes
                0x00002378      0x23b /root/Documents/test31jan/FINALPROJECT/lpc17xx.cmsis.driver.library/Debug/liblpc17xx.cmsis.driver.library.a(lpc17xx_uart.o)
 .debug_pubtypes
                0x000025b3       0x6b /root/Documents/test31jan/FINALPROJECT/lpc17xx.cmsis.driver.library/Debug/liblpc17xx.cmsis.driver.library.a(lpc17xx_clkpwr.o)
 .debug_pubtypes
                0x0000261e       0x3e /root/Documents/test31jan/FINALPROJECT/CMSISv2p00_LPC17xx/Debug/libCMSISv2p00_LPC17xx.a(system_LPC17xx.o)

.debug_aranges  0x00000000      0xc98
 .debug_aranges
                0x00000000       0x88 ./Source/cr_startup_lpc176x.o
 .debug_aranges
                0x00000088       0x58 ./Source/main.o
 .debug_aranges
                0x000000e0       0x58 ./Source/printf-stdarg.o
 .debug_aranges
                0x00000138       0x20 ./Source/FreeRTOS-Products/FreeRTOS-Plus-IO/Device/LPC17xx/FreeRTOS_lpc17xx_DriverInterface.o
 .debug_aranges
                0x00000158       0x58 ./Source/FreeRTOS-Products/FreeRTOS-Plus-IO/Device/LPC17xx/FreeRTOS_lpc17xx_i2c.o
 .debug_aranges
                0x000001b0       0x38 ./Source/FreeRTOS-Products/FreeRTOS-Plus-IO/Device/LPC17xx/FreeRTOS_lpc17xx_lcd.o
 .debug_aranges
                0x000001e8       0x68 ./Source/FreeRTOS-Products/FreeRTOS-Plus-IO/Device/LPC17xx/FreeRTOS_lpc17xx_uart.o
 .debug_aranges
                0x00000250       0x28 ./Source/FreeRTOS-Products/FreeRTOS-Plus-IO/Common/FreeRTOS_DriverInterface.o
 .debug_aranges
                0x00000278       0x20 ./Source/FreeRTOS-Products/FreeRTOS-Plus-IO/Common/FreeRTOS_IOUtils.o
 .debug_aranges
                0x00000298       0x50 ./Source/FreeRTOS-Products/FreeRTOS-Plus-IO/Common/IOUtils_CharQueueTxAndRx.o
 .debug_aranges
                0x000002e8       0x38 ./Source/FreeRTOS-Products/FreeRTOS-Plus-IO/Common/IOUtils_CircularBufferRx.o
 .debug_aranges
                0x00000320       0x30 ./Source/FreeRTOS-Products/FreeRTOS-Plus-IO/Common/IOUtils_ZeroCopyTx.o
 .debug_aranges
                0x00000350       0x48 ./Source/FreeRTOS-Products/FreeRTOS-Plus-CLI/FreeRTOS_CLI.o
 .debug_aranges
                0x00000398       0x50 ./Source/FreeRTOS-Products/FreeRTOS/croutine.o
 .debug_aranges
                0x000003e8       0x40 ./Source/FreeRTOS-Products/FreeRTOS/list.o
 .debug_aranges
                0x00000428       0xe8 ./Source/FreeRTOS-Products/FreeRTOS/queue.o
 .debug_aranges
                0x00000510      0x178 ./Source/FreeRTOS-Products/FreeRTOS/tasks.o
 .debug_aranges
                0x00000688       0x88 ./Source/FreeRTOS-Products/FreeRTOS/timers.o
 .debug_aranges
                0x00000710       0x38 ./Source/FreeRTOS-Products/FreeRTOS/portable/MemMang/heap_2.o
 .debug_aranges
                0x00000748       0x70 ./Source/FreeRTOS-Products/FreeRTOS/portable/GCC/ARM_CM3/port.o
 .debug_aranges
                0x000007b8       0x28 ./Source/Examples/UART/MY_UART.o
 .debug_aranges
                0x000007e0       0x28 ./Source/Examples/UART/UART-interrupt-driven-command-console.o
 .debug_aranges
                0x00000808       0x38 ./Source/Examples/UART/UART-operation-modes-test.o
 .debug_aranges
                0x00000840       0x28 ./Source/Examples/LCD/lcd.o
 .debug_aranges
                0x00000868       0x28 ./Source/Examples/I2C/I2C-coordinator.o
 .debug_aranges
                0x00000890       0x30 ./Source/Examples/I2C/I2C-to-and-from-EEPROM.o
 .debug_aranges
                0x000008c0       0x28 ./Source/Examples/GPIO/GPIO-output-and-software-timers.o
 .debug_aranges
                0x000008e8       0xf8 /root/Documents/test31jan/FINALPROJECT/lpc17xx.cmsis.driver.library/Debug/liblpc17xx.cmsis.driver.library.a(lpc17xx_gpio.o)
 .debug_aranges
                0x000009e0       0xd0 /root/Documents/test31jan/FINALPROJECT/lpc17xx.cmsis.driver.library/Debug/liblpc17xx.cmsis.driver.library.a(lpc17xx_i2c.o)
 .debug_aranges
                0x00000ab0       0x20 /root/Documents/test31jan/FINALPROJECT/lpc17xx.cmsis.driver.library/Debug/liblpc17xx.cmsis.driver.library.a(lpc17xx_libcfg_default.o)
 .debug_aranges
                0x00000ad0       0x48 /root/Documents/test31jan/FINALPROJECT/lpc17xx.cmsis.driver.library/Debug/liblpc17xx.cmsis.driver.library.a(lpc17xx_pinsel.o)
 .debug_aranges
                0x00000b18      0x100 /root/Documents/test31jan/FINALPROJECT/lpc17xx.cmsis.driver.library/Debug/liblpc17xx.cmsis.driver.library.a(lpc17xx_uart.o)
 .debug_aranges
                0x00000c18       0x58 /root/Documents/test31jan/FINALPROJECT/lpc17xx.cmsis.driver.library/Debug/liblpc17xx.cmsis.driver.library.a(lpc17xx_clkpwr.o)
 .debug_aranges
                0x00000c70       0x28 /root/Documents/test31jan/FINALPROJECT/CMSISv2p00_LPC17xx/Debug/libCMSISv2p00_LPC17xx.a(system_LPC17xx.o)

.debug_ranges   0x00000000      0xac8
 .debug_ranges  0x00000000       0x78 ./Source/cr_startup_lpc176x.o
 .debug_ranges  0x00000078       0x48 ./Source/main.o
 .debug_ranges  0x000000c0       0x48 ./Source/printf-stdarg.o
 .debug_ranges  0x00000108       0x10 ./Source/FreeRTOS-Products/FreeRTOS-Plus-IO/Device/LPC17xx/FreeRTOS_lpc17xx_DriverInterface.o
 .debug_ranges  0x00000118       0x48 ./Source/FreeRTOS-Products/FreeRTOS-Plus-IO/Device/LPC17xx/FreeRTOS_lpc17xx_i2c.o
 .debug_ranges  0x00000160       0x28 ./Source/FreeRTOS-Products/FreeRTOS-Plus-IO/Device/LPC17xx/FreeRTOS_lpc17xx_lcd.o
 .debug_ranges  0x00000188       0xa8 ./Source/FreeRTOS-Products/FreeRTOS-Plus-IO/Device/LPC17xx/FreeRTOS_lpc17xx_uart.o
 .debug_ranges  0x00000230       0x18 ./Source/FreeRTOS-Products/FreeRTOS-Plus-IO/Common/FreeRTOS_DriverInterface.o
 .debug_ranges  0x00000248       0x10 ./Source/FreeRTOS-Products/FreeRTOS-Plus-IO/Common/FreeRTOS_IOUtils.o
 .debug_ranges  0x00000258       0x40 ./Source/FreeRTOS-Products/FreeRTOS-Plus-IO/Common/IOUtils_CharQueueTxAndRx.o