
**** Build of configuration Debug for project FreeRTOS-Plus-Demo-1 ****

make all 
Building file: ../Source/FreeRTOS-Products/FreeRTOS-Plus-IO/Device/LPC17xx/FreeRTOS_lpc17xx_lcd.c
Invoking: MCU C Compiler
arm-none-eabi-gcc -D__REDLIB__ -DDEBUG -D__CODE_RED -D__USE_CMSIS=CMSISv2p00_LPC17xx -I"/root/Documents/test31jan/FINALPROJECT/FreeRTOS-Products/FreeRTOS/include" -I"/root/Documents/test31jan/FINALPROJECT/FreeRTOS-Products/FreeRTOS/portable/GCC/ARM_CM3" -I"/root/Documents/test31jan/FINALPROJECT/FreeRTOS-Products/FreeRTOS-Plus-CLI" -I"/root/Documents/test31jan/FINALPROJECT/FreeRTOS-Products/FreeRTOS-Plus-IO/Include" -I"/root/Documents/test31jan/FINALPROJECT/FreeRTOS-Products/FreeRTOS-Plus-IO/Device/LPC17xx/SupportedBoards" -I"/root/Documents/test31jan/FINALPROJECT/CMSISv2p00_LPC17xx/inc" -I"/root/Documents/test31jan/FINALPROJECT/FreeRTOS-Plus-Demo-1/Source/Examples/Include" -I"/root/Documents/test31jan/FINALPROJECT/FreeRTOS-Plus-Demo-1/Source" -I"/root/Documents/test31jan/FINALPROJECT/lpc17xx.cmsis.driver.library/Include" -O0 -g3 -Wall -c -fmessage-length=0 -fno-builtin -ffunction-sections -fdata-sections -Wextra -mcpu=cortex-m3 -mthumb -MMD -MP -MF"Source/FreeRTOS-Products/FreeRTOS-Plus-IO/Device/LPC17xx/FreeRTOS_lpc17xx_lcd.d" -MT"Source/FreeRTOS-Products/FreeRTOS-Plus-IO/Device/LPC17xx/FreeRTOS_lpc17xx_lcd.d" -o"Source/FreeRTOS-Products/FreeRTOS-Plus-IO/Device/LPC17xx/FreeRTOS_lpc17xx_lcd.o" "../Source/FreeRTOS-Products/FreeRTOS-Plus-IO/Device/LPC17xx/FreeRTOS_lpc17xx_lcd.c"
../Source/FreeRTOS-Products/FreeRTOS-Plus-IO/Device/LPC17xx/FreeRTOS_lpc17xx_lcd.c: In function 'FreeRTOS_LCD_ioctl':
../Source/FreeRTOS-Products/FreeRTOS-Plus-IO/Device/LPC17xx/FreeRTOS_lpc17xx_lcd.c:64:65: warning: unused parameter 'pxPeripheral'
../Source/FreeRTOS-Products/FreeRTOS-Plus-IO/Device/LPC17xx/FreeRTOS_lpc17xx_lcd.c: In function 'FreeRTOS_LCD_write':
../Source/FreeRTOS-Products/FreeRTOS-Plus-IO/Device/LPC17xx/FreeRTOS_lpc17xx_lcd.c:167:58: warning: unused parameter 'pxPeripheral'
../Source/FreeRTOS-Products/FreeRTOS-Plus-IO/Device/LPC17xx/FreeRTOS_lpc17xx_lcd.c:167:107: warning: unused parameter 'xBytes'
../Source/FreeRTOS-Products/FreeRTOS-Plus-IO/Device/LPC17xx/FreeRTOS_lpc17xx_lcd.c:214:2: warning: control reaches end of non-void function
../Source/FreeRTOS-Products/FreeRTOS-Plus-IO/Device/LPC17xx/FreeRTOS_lpc17xx_lcd.c: In function 'FreeRTOS_LCD_ioctl':
../Source/FreeRTOS-Products/FreeRTOS-Plus-IO/Device/LPC17xx/FreeRTOS_lpc17xx_lcd.c:162:2: warning: control reaches end of non-void function
Finished building: ../Source/FreeRTOS-Products/FreeRTOS-Plus-IO/Device/LPC17xx/FreeRTOS_lpc17xx_lcd.c
 
Building target: FreeRTOS-Plus-Demo-1.axf
Invoking: MCU Linker
arm-none-eabi-gcc -nostdlib -L"/root/Documents/test31jan/FINALPROJECT/lpc17xx.cmsis.driver.library/Debug" -L"/root/Documents/test31jan/FINALPROJECT/CMSISv2p00_LPC17xx/Debug" -Xlinker -Map=FreeRTOS-Plus-Demo-1.map -Xlinker --gc-sections -mcpu=cortex-m3 -mthumb -T "FreeRTOS-Plus-Demo-1_Debug.ld" -o"FreeRTOS-Plus-Demo-1.axf"  ./Source/cr_startup_lpc176x.o ./Source/main.o ./Source/printf-stdarg.o  ./Source/FreeRTOS-Products/FreeRTOS-Plus-IO/Device/LPC17xx/FreeRTOS_lpc17xx_DriverInterface.o ./Source/FreeRTOS-Products/FreeRTOS-Plus-IO/Device/LPC17xx/FreeRTOS_lpc17xx_i2c.o ./Source/FreeRTOS-Products/FreeRTOS-Plus-IO/Device/LPC17xx/FreeRTOS_lpc17xx_lcd.o ./Source/FreeRTOS-Products/FreeRTOS-Plus-IO/Device/LPC17xx/FreeRTOS_lpc17xx_uart.o  ./Source/FreeRTOS-Products/FreeRTOS-Plus-IO/Common/FreeRTOS_DriverInterface.o ./Source/FreeRTOS-Products/FreeRTOS-Plus-IO/Common/FreeRTOS_IOUtils.o ./Source/FreeRTOS-Products/FreeRTOS-Plus-IO/Common/IOUtils_CharQueueTxAndRx.o ./Source/FreeRTOS-Products/FreeRTOS-Plus-IO/Common/IOUtils_CircularBufferRx.o ./Source/FreeRTOS-Products/FreeRTOS-Plus-IO/Common/IOUtils_ZeroCopyTx.o  ./Source/FreeRTOS-Products/FreeRTOS-Plus-CLI/FreeRTOS_CLI.o  ./Source/FreeRTOS-Products/FreeRTOS/croutine.o ./Source/FreeRTOS-Products/FreeRTOS/list.o ./Source/FreeRTOS-Products/FreeRTOS/queue.o ./Source/FreeRTOS-Products/FreeRTOS/tasks.o ./Source/FreeRTOS-Products/FreeRTOS/timers.o  ./Source/FreeRTOS-Products/FreeRTOS/portable/MemMang/heap_2.o  ./Source/FreeRTOS-Products/FreeRTOS/portable/GCC/ARM_CM3/port.o  ./Source/Examples/UART/MY_UART.o ./Source/Examples/UART/UART-interrupt-driven-command-console.o ./Source/Examples/UART/UART-operation-modes-test.o  ./Source/Examples/LCD/lcd.o  ./Source/Examples/I2C/I2C-coordinator.o ./Source/Examples/I2C/I2C-to-and-from-EEPROM.o  ./Source/Examples/GPIO/GPIO-output-and-software-timers.o   -llpc17xx.cmsis.driver.library -lCMSISv2p00_LPC17xx
Finished building target: FreeRTOS-Plus-Demo-1.axf
 
make --no-print-directory post-build
Performing post-build steps
arm-none-eabi-size FreeRTOS-Plus-Demo-1.axf; # arm-none-eabi-objcopy -O binary FreeRTOS-Plus-Demo-1.axf FreeRTOS-Plus-Demo-1.bin ; checksum -p LPC1768 -d FreeRTOS-Plus-Demo-1.bin;
   text	   data	    bss	    dec	    hex	filename
  37152	     40	  17512	  54704	   d5b0	FreeRTOS-Plus-Demo-1.axf
 
